../Core/Inc/Fusion/FusionMath.h:127:21:FusionDegreesToRadians	16	static
../Core/Inc/Fusion/FusionMath.h:136:21:FusionRadiansToDegrees	16	static
../Core/Inc/Fusion/FusionMath.h:149:21:FusionArcSin	16	static
../Core/Inc/Fusion/FusionMath.h:170:21:FusionFastInverseSqrt	24	static
../Core/Inc/Fusion/FusionMath.h:191:20:FusionVectorIsZero	24	static
../Core/Inc/Fusion/FusionMath.h:201:28:FusionVectorAdd	72	static
../Core/Inc/Fusion/FusionMath.h:218:28:FusionVectorSubtract	72	static
../Core/Inc/Fusion/FusionMath.h:235:28:FusionVectorScale	64	static
../Core/Inc/Fusion/FusionMath.h:251:21:FusionVectorSum	24	static
../Core/Inc/Fusion/FusionMath.h:261:28:FusionVectorHadamard	72	static
../Core/Inc/Fusion/FusionMath.h:278:28:FusionVectorCross	72	static
../Core/Inc/Fusion/FusionMath.h:295:21:FusionVectorDot	48	static
../Core/Inc/Fusion/FusionMath.h:304:21:FusionVectorNormSquared	40	static
../Core/Inc/Fusion/FusionMath.h:313:21:FusionVectorNorm	24	static
../Core/Inc/Fusion/FusionMath.h:322:28:FusionVectorNormalise	56	static
../Core/Inc/Fusion/FusionMath.h:339:32:FusionQuaternionAdd	88	static
../Core/Inc/Fusion/FusionMath.h:357:32:FusionQuaternionScale	80	static
../Core/Inc/Fusion/FusionMath.h:374:21:FusionQuaternionSum	24	static
../Core/Inc/Fusion/FusionMath.h:384:32:FusionQuaternionHadamard	88	static
../Core/Inc/Fusion/FusionMath.h:402:32:FusionQuaternionProduct	88	static
../Core/Inc/Fusion/FusionMath.h:425:32:FusionQuaternionVectorProduct	88	static
../Core/Inc/Fusion/FusionMath.h:446:21:FusionQuaternionNormSquared	40	static
../Core/Inc/Fusion/FusionMath.h:464:32:FusionQuaternionNormalise	56	static
../Core/Inc/Fusion/FusionAhrs.c:57:6:FusionAhrsInitialise	16	static
../Core/Inc/Fusion/FusionAhrs.c:66:6:FusionAhrsReset	72	static
../Core/Inc/Fusion/FusionAhrs.c:87:6:FusionAhrsSetSettings	16	static
../Core/Inc/Fusion/FusionAhrs.c:115:6:FusionAhrsUpdate	264	static
../Core/Inc/Fusion/FusionAhrs.c:220:28:HalfGravity	80	static
../Core/Inc/Fusion/FusionAhrs.c:254:28:HalfMagnetic	96	static
../Core/Inc/Fusion/FusionAhrs.c:298:28:Feedback	72	static
../Core/Inc/Fusion/FusionAhrs.c:312:19:Clamp	24	static
../Core/Inc/Fusion/FusionAhrs.c:329:6:FusionAhrsUpdateNoMagnetometer	56	static
../Core/Inc/Fusion/FusionAhrs.c:347:6:FusionAhrsUpdateExternalHeading	72	static
../Core/Inc/Fusion/FusionAhrs.c:372:18:FusionAhrsGetQuaternion	48	static
../Core/Inc/Fusion/FusionAhrs.c:381:6:FusionAhrsSetQuaternion	32	static
../Core/Inc/Fusion/FusionAhrs.c:390:14:FusionAhrsGetGravity	56	static
../Core/Inc/Fusion/FusionAhrs.c:408:14:FusionAhrsGetLinearAcceleration	80	static
../Core/Inc/Fusion/FusionAhrs.c:426:14:FusionAhrsGetEarthAcceleration	56	static
../Core/Inc/Fusion/FusionAhrs.c:458:26:FusionAhrsGetInternalStates	48	static
../Core/Inc/Fusion/FusionAhrs.c:475:17:FusionAhrsGetFlags	24	static
../Core/Inc/Fusion/FusionAhrs.c:490:6:FusionAhrsSetHeading	48	static
