Archive member included to satisfy reference by file (symbol)

D:/STM_IDE/STM32CubeIDE_1.17.0/STM32CubeIDE/plugins/com.st.stm32cube.ide.mcu.externaltools.gnu-tools-for-stm32.13.3.rel1.win32_1.0.0.202411081344/tools/bin/../lib/gcc/arm-none-eabi/13.3.1/../../../../arm-none-eabi/lib/thumb/v7e-m+fp/hard\libc_nano.a(libc_a-exit.o)
                              D:/STM_IDE/STM32CubeIDE_1.17.0/STM32CubeIDE/plugins/com.st.stm32cube.ide.mcu.externaltools.gnu-tools-for-stm32.13.3.rel1.win32_1.0.0.202411081344/tools/bin/../lib/gcc/arm-none-eabi/13.3.1/../../../../arm-none-eabi/lib/thumb/v7e-m+fp/hard/crt0.o (exit)
D:/STM_IDE/STM32CubeIDE_1.17.0/STM32CubeIDE/plugins/com.st.stm32cube.ide.mcu.externaltools.gnu-tools-for-stm32.13.3.rel1.win32_1.0.0.202411081344/tools/bin/../lib/gcc/arm-none-eabi/13.3.1/../../../../arm-none-eabi/lib/thumb/v7e-m+fp/hard\libc_nano.a(libc_a-nano-vfprintf_float.o)
                              (_printf_float)
D:/STM_IDE/STM32CubeIDE_1.17.0/STM32CubeIDE/plugins/com.st.stm32cube.ide.mcu.externaltools.gnu-tools-for-stm32.13.3.rel1.win32_1.0.0.202411081344/tools/bin/../lib/gcc/arm-none-eabi/13.3.1/../../../../arm-none-eabi/lib/thumb/v7e-m+fp/hard\libc_nano.a(libc_a-nano-vfprintf_i.o)
                              D:/STM_IDE/STM32CubeIDE_1.17.0/STM32CubeIDE/plugins/com.st.stm32cube.ide.mcu.externaltools.gnu-tools-for-stm32.13.3.rel1.win32_1.0.0.202411081344/tools/bin/../lib/gcc/arm-none-eabi/13.3.1/../../../../arm-none-eabi/lib/thumb/v7e-m+fp/hard\libc_nano.a(libc_a-nano-vfprintf_float.o) (_printf_common)
D:/STM_IDE/STM32CubeIDE_1.17.0/STM32CubeIDE/plugins/com.st.stm32cube.ide.mcu.externaltools.gnu-tools-for-stm32.13.3.rel1.win32_1.0.0.202411081344/tools/bin/../lib/gcc/arm-none-eabi/13.3.1/../../../../arm-none-eabi/lib/thumb/v7e-m+fp/hard\libc_nano.a(libc_a-findfp.o)
                              D:/STM_IDE/STM32CubeIDE_1.17.0/STM32CubeIDE/plugins/com.st.stm32cube.ide.mcu.externaltools.gnu-tools-for-stm32.13.3.rel1.win32_1.0.0.202411081344/tools/bin/../lib/gcc/arm-none-eabi/13.3.1/../../../../arm-none-eabi/lib/thumb/v7e-m+fp/hard\libc_nano.a(libc_a-exit.o) (__stdio_exit_handler)
D:/STM_IDE/STM32CubeIDE_1.17.0/STM32CubeIDE/plugins/com.st.stm32cube.ide.mcu.externaltools.gnu-tools-for-stm32.13.3.rel1.win32_1.0.0.202411081344/tools/bin/../lib/gcc/arm-none-eabi/13.3.1/../../../../arm-none-eabi/lib/thumb/v7e-m+fp/hard\libc_nano.a(libc_a-fwalk.o)
                              D:/STM_IDE/STM32CubeIDE_1.17.0/STM32CubeIDE/plugins/com.st.stm32cube.ide.mcu.externaltools.gnu-tools-for-stm32.13.3.rel1.win32_1.0.0.202411081344/tools/bin/../lib/gcc/arm-none-eabi/13.3.1/../../../../arm-none-eabi/lib/thumb/v7e-m+fp/hard\libc_nano.a(libc_a-findfp.o) (_fwalk_sglue)
D:/STM_IDE/STM32CubeIDE_1.17.0/STM32CubeIDE/plugins/com.st.stm32cube.ide.mcu.externaltools.gnu-tools-for-stm32.13.3.rel1.win32_1.0.0.202411081344/tools/bin/../lib/gcc/arm-none-eabi/13.3.1/../../../../arm-none-eabi/lib/thumb/v7e-m+fp/hard\libc_nano.a(libc_a-stdio.o)
                              D:/STM_IDE/STM32CubeIDE_1.17.0/STM32CubeIDE/plugins/com.st.stm32cube.ide.mcu.externaltools.gnu-tools-for-stm32.13.3.rel1.win32_1.0.0.202411081344/tools/bin/../lib/gcc/arm-none-eabi/13.3.1/../../../../arm-none-eabi/lib/thumb/v7e-m+fp/hard\libc_nano.a(libc_a-findfp.o) (__sread)
D:/STM_IDE/STM32CubeIDE_1.17.0/STM32CubeIDE/plugins/com.st.stm32cube.ide.mcu.externaltools.gnu-tools-for-stm32.13.3.rel1.win32_1.0.0.202411081344/tools/bin/../lib/gcc/arm-none-eabi/13.3.1/../../../../arm-none-eabi/lib/thumb/v7e-m+fp/hard\libc_nano.a(libc_a-memset.o)
                              D:/STM_IDE/STM32CubeIDE_1.17.0/STM32CubeIDE/plugins/com.st.stm32cube.ide.mcu.externaltools.gnu-tools-for-stm32.13.3.rel1.win32_1.0.0.202411081344/tools/bin/../lib/gcc/arm-none-eabi/13.3.1/../../../../arm-none-eabi/lib/thumb/v7e-m+fp/hard/crt0.o (memset)
D:/STM_IDE/STM32CubeIDE_1.17.0/STM32CubeIDE/plugins/com.st.stm32cube.ide.mcu.externaltools.gnu-tools-for-stm32.13.3.rel1.win32_1.0.0.202411081344/tools/bin/../lib/gcc/arm-none-eabi/13.3.1/../../../../arm-none-eabi/lib/thumb/v7e-m+fp/hard\libc_nano.a(libc_a-localeconv.o)
                              D:/STM_IDE/STM32CubeIDE_1.17.0/STM32CubeIDE/plugins/com.st.stm32cube.ide.mcu.externaltools.gnu-tools-for-stm32.13.3.rel1.win32_1.0.0.202411081344/tools/bin/../lib/gcc/arm-none-eabi/13.3.1/../../../../arm-none-eabi/lib/thumb/v7e-m+fp/hard\libc_nano.a(libc_a-nano-vfprintf_float.o) (_localeconv_r)
D:/STM_IDE/STM32CubeIDE_1.17.0/STM32CubeIDE/plugins/com.st.stm32cube.ide.mcu.externaltools.gnu-tools-for-stm32.13.3.rel1.win32_1.0.0.202411081344/tools/bin/../lib/gcc/arm-none-eabi/13.3.1/../../../../arm-none-eabi/lib/thumb/v7e-m+fp/hard\libc_nano.a(libc_a-closer.o)
                              D:/STM_IDE/STM32CubeIDE_1.17.0/STM32CubeIDE/plugins/com.st.stm32cube.ide.mcu.externaltools.gnu-tools-for-stm32.13.3.rel1.win32_1.0.0.202411081344/tools/bin/../lib/gcc/arm-none-eabi/13.3.1/../../../../arm-none-eabi/lib/thumb/v7e-m+fp/hard\libc_nano.a(libc_a-stdio.o) (_close_r)
[...]
Memory Configuration

Name             Origin             Length             Attributes
RAM              0x20000000         0x00008000         xrw
FLASH            0x08000000         0x0001c000         xr
*default*        0x00000000         0xffffffff

Linker script and memory map

LOAD D:/STM_IDE/STM32CubeIDE_1.17.0/STM32CubeIDE/plugins/com.st.stm32cube.ide.mcu.externaltools.gnu-tools-for-stm32.13.3.rel1.win32_1.0.0.202411081344/tools/bin/../lib/gcc/arm-none-eabi/13.3.1/thumb/v7e-m+fp/hard/crti.o
LOAD D:/STM_IDE/STM32CubeIDE_1.17.0/STM32CubeIDE/plugins/com.st.stm32cube.ide.mcu.externaltools.gnu-tools-for-stm32.13.3.rel1.win32_1.0.0.202411081344/tools/bin/../lib/gcc/arm-none-eabi/13.3.1/thumb/v7e-m+fp/hard/crtbegin.o
LOAD D:/STM_IDE/STM32CubeIDE_1.17.0/STM32CubeIDE/plugins/com.st.stm32cube.ide.mcu.externaltools.gnu-tools-for-stm32.13.3.rel1.win32_1.0.0.202411081344/tools/bin/../lib/gcc/arm-none-eabi/13.3.1/../../../../arm-none-eabi/lib/thumb/v7e-m+fp/hard/crt0.o
LOAD ./Core/Inc/Fusion/FusionAhrs.o
LOAD ./Core/Inc/Fusion/FusionBias.o
LOAD ./Core/Inc/Fusion/FusionCompass.o
LOAD ./Core/Src/main.o
LOAD ./Core/Src/stm32g4xx_hal_msp.o
LOAD ./Core/Src/stm32g4xx_it.o
LOAD ./Core/Src/syscalls.o
LOAD ./Core/Src/sysmem.o
LOAD ./Core/Src/system_stm32g4xx.o
LOAD ./Core/Startup/startup_stm32g431cbtxz.o
LOAD ./Drivers/OLED/ssd1306.o
LOAD ./Drivers/OLED/ssd1306_fonts.o
LOAD ./Drivers/STM32G4xx_HAL_Driver/Src/stm32g4xx_hal.o
LOAD ./Drivers/STM32G4xx_HAL_Driver/Src/stm32g4xx_hal_cortex.o
LOAD ./Drivers/STM32G4xx_HAL_Driver/Src/stm32g4xx_hal_dma.o
LOAD ./Drivers/STM32G4xx_HAL_Driver/Src/stm32g4xx_hal_dma_ex.o
LOAD ./Drivers/STM32G4xx_HAL_Driver/Src/stm32g4xx_hal_exti.o
LOAD ./Drivers/STM32G4xx_HAL_Driver/Src/stm32g4xx_hal_fdcan.o
LOAD ./Drivers/STM32G4xx_HAL_Driver/Src/stm32g4xx_hal_flash.o
LOAD ./Drivers/STM32G4xx_HAL_Driver/Src/stm32g4xx_hal_flash_ex.o
LOAD ./Drivers/STM32G4xx_HAL_Driver/Src/stm32g4xx_hal_flash_ramfunc.o
LOAD ./Drivers/STM32G4xx_HAL_Driver/Src/stm32g4xx_hal_gpio.o
LOAD ./Drivers/STM32G4xx_HAL_Driver/Src/stm32g4xx_hal_i2c.o
LOAD ./Drivers/STM32G4xx_HAL_Driver/Src/stm32g4xx_hal_i2c_ex.o
LOAD ./Drivers/STM32G4xx_HAL_Driver/Src/stm32g4xx_hal_pwr.o
LOAD ./Drivers/STM32G4xx_HAL_Driver/Src/stm32g4xx_hal_pwr_ex.o
LOAD ./Drivers/STM32G4xx_HAL_Driver/Src/stm32g4xx_hal_rcc.o
LOAD ./Drivers/STM32G4xx_HAL_Driver/Src/stm32g4xx_hal_rcc_ex.o
START GROUP
LOAD D:/STM_IDE/STM32CubeIDE_1.17.0/STM32CubeIDE/plugins/com.st.stm32cube.ide.mcu.externaltools.gnu-tools-for-stm32.13.3.rel1.win32_1.0.0.202411081344/tools/bin/../lib/gcc/arm-none-eabi/13.3.1/../../../../arm-none-eabi/lib/thumb/v7e-m+fp/hard\libc_nano.a
LOAD D:/STM_IDE/STM32CubeIDE_1.17.0/STM32CubeIDE/plugins/com.st.stm32cube.ide.mcu.externaltools.gnu-tools-for-stm32.13.3.rel1.win32_1.0.0.202411081344/tools/bin/../lib/gcc/arm-none-eabi/13.3.1/../../../../arm-none-eabi/lib/thumb/v7e-m+fp/hard\libm.a
END GROUP
START GROUP
LOAD D:/STM_IDE/STM32CubeIDE_1.17.0/STM32CubeIDE/plugins/com.st.stm32cube.ide.mcu.externaltools.gnu-tools-for-stm32.13.3.rel1.win32_1.0.0.202411081344/tools/bin/../lib/gcc/arm-none-eabi/13.3.1/thumb/v7e-m+fp/hard\libgcc.a
LOAD D:/STM_IDE/STM32CubeIDE_1.17.0/STM32CubeIDE/plugins/com.st.stm32cube.ide.mcu.externaltools.gnu-tools-for-stm32.13.3.rel1.win32_1.0.0.202411081344/tools/bin/../lib/gcc/arm-none-eabi/13.3.1/../../../../arm-none-eabi/lib/thumb/v7e-m+fp/hard\libc_nano.a
END GROUP
START GROUP
LOAD D:/STM_IDE/STM32CubeIDE_1.17.0/STM32CubeIDE/plugins/com.st.stm32cube.ide.mcu.externaltools.gnu-tools-for-stm32.13.3.rel1.win32_1.0.0.202411081344/tools/bin/../lib/gcc/arm-none-eabi/13.3.1/thumb/v7e-m+fp/hard\libgcc.a
LOAD D:/STM_IDE/STM32CubeIDE_1.17.0/STM32CubeIDE/plugins/com.st.stm32cube.ide.mcu.externaltools.gnu-tools-for-stm32.13.3.rel1.win32_1.0.0.202411081344/tools/bin/../lib/gcc/arm-none-eabi/13.3.1/../../../../arm-none-eabi/lib/thumb/v7e-m+fp/hard\libc_nano.a
LOAD D:/STM_IDE/STM32CubeIDE_1.17.0/STM32CubeIDE/plugins/com.st.stm32cube.ide.mcu.externaltools.gnu-tools-for-stm32.13.3.rel1.win32_1.0.0.202411081344/tools/bin/../lib/gcc/arm-none-eabi/13.3.1/../../../../arm-none-eabi/lib/thumb/v7e-m+fp/hard\libnosys.a
END GROUP
START GROUP
LOAD D:/STM_IDE/STM32CubeIDE_1.17.0/STM32CubeIDE/plugins/com.st.stm32cube.ide.mcu.externaltools.gnu-tools-for-stm32.13.3.rel1.win32_1.0.0.202411081344/tools/bin/../lib/gcc/arm-none-eabi/13.3.1/thumb/v7e-m+fp/hard\libgcc.a
LOAD D:/STM_IDE/STM32CubeIDE_1.17.0/STM32CubeIDE/plugins/com.st.stm32cube.ide.mcu.externaltools.gnu-tools-for-stm32.13.3.rel1.win32_1.0.0.202411081344/tools/bin/../lib/gcc/arm-none-eabi/13.3.1/../../../../arm-none-eabi/lib/thumb/v7e-m+fp/hard\libc_nano.a
LOAD D:/STM_IDE/STM32CubeIDE_1.17.0/STM32CubeIDE/plugins/com.st.stm32cube.ide.mcu.externaltools.gnu-tools-for-stm32.13.3.rel1.win32_1.0.0.202411081344/tools/bin/../lib/gcc/arm-none-eabi/13.3.1/../../../../arm-none-eabi/lib/thumb/v7e-m+fp/hard\libnosys.a
END GROUP
LOAD D:/STM_IDE/STM32CubeIDE_1.17.0/STM32CubeIDE/plugins/com.st.stm32cube.ide.mcu.externaltools.gnu-tools-for-stm32.13.3.rel1.win32_1.0.0.202411081344/tools/bin/../lib/gcc/arm-none-eabi/13.3.1/thumb/v7e-m+fp/hard/crtend.o
LOAD D:/STM_IDE/STM32CubeIDE_1.17.0/STM32CubeIDE/plugins/com.st.stm32cube.ide.mcu.externaltools.gnu-tools-for-stm32.13.3.rel1.win32_1.0.0.202411081344/tools/bin/../lib/gcc/arm-none-eabi/13.3.1/thumb/v7e-m+fp/hard/crtn.o
                0x20008000                        _estack = (ORIGIN (RAM) + LENGTH (RAM))
                0x00000200                        _Min_Heap_Size = 0x200
                0x00000600                        _Min_Stack_Size = 0x600

.isr_vector     0x08000000      0x1d8
                0x08000000                        . = ALIGN (0x4)
 *(.isr_vector)
 .isr_vector    0x08000000      0x1d8 ./Core/Startup/startup_stm32g431cbtxz.o
                0x08000000                g_pfnVectors
                0x080001d8                        . = ALIGN (0x4)

.text           0x080001e0     0x63b4
                0x080001e0                        . = ALIGN (0x4)
 *(.text)
 .text          0x080001e0       0x40 D:/STM_IDE/STM32CubeIDE_1.17.0/STM32CubeIDE/plugins/com.st.stm32cube.ide.mcu.externaltools.gnu-tools-for-stm32.13.3.rel1.win32_1.0.0.202411081344/tools/bin/../lib/gcc/arm-none-eabi/13.3.1/thumb/v7e-m+fp/hard/crtbegin.o
 .text          0x08000220       0xa0 D:/STM_IDE/STM32CubeIDE_1.17.0/STM32CubeIDE/plugins/com.st.stm32cube.ide.mcu.externaltools.gnu-tools-for-stm32.13.3.rel1.win32_1.0.0.202411081344/tools/bin/../lib/gcc/arm-none-eabi/13.3.1/../../../../arm-none-eabi/lib/thumb/v7e-m+fp/hard\libc_nano.a(libc_a-memchr.o)
                0x08000220                memchr
 .text          0x080002c0       0x10 D:/STM_IDE/STM32CubeIDE_1.17.0/STM32CubeIDE/plugins/com.st.stm32cube.ide.mcu.externaltools.gnu-tools-for-stm32.13.3.rel1.win32_1.0.0.202411081344/tools/bin/../lib/gcc/arm-none-eabi/13.3.1/../../../../arm-none-eabi/lib/thumb/v7e-m+fp/hard\libc_nano.a(libc_a-strlen.o)
                0x080002c0                strlen
 .text          0x080002d0      0x378 D:/STM_IDE/STM32CubeIDE_1.17.0/STM32CubeIDE/plugins/com.st.stm32cube.ide.mcu.externaltools.gnu-tools-for-stm32.13.3.rel1.win32_1.0.0.202411081344/tools/bin/../lib/gcc/arm-none-eabi/13.3.1/thumb/v7e-m+fp/hard\libgcc.a(_arm_addsubdf3.o)
                0x080002d0                __aeabi_drsub
                0x080002d8                __aeabi_dsub
                0x080002d8                __subdf3
                0x080002dc                __aeabi_dadd
                0x080002dc                __adddf3
                0x08000554                __floatunsidf
                0x08000554                __aeabi_ui2d
                0x08000574                __floatsidf
                0x08000574                __aeabi_i2d
                0x08000598                __aeabi_f2d
                0x08000598                __extendsfdf2
                0x080005dc                __floatundidf
                0x080005dc                __aeabi_ul2d
                0x080005ec                __floatdidf
                0x080005ec                __aeabi_l2d
 .text          0x08000648      0x424 D:/STM_IDE/STM32CubeIDE_1.17.0/STM32CubeIDE/plugins/com.st.stm32cube.ide.mcu.externaltools.gnu-tools-for-stm32.13.3.rel1.win32_1.0.0.202411081344/tools/bin/../lib/gcc/arm-none-eabi/13.3.1/thumb/v7e-m+fp/hard\libgcc.a(_arm_muldivdf3.o)
                0x08000648                __aeabi_dmul
                0x08000648                __muldf3
                0x0800089c                __divdf3
                0x0800089c                __aeabi_ddiv
 .text          0x08000a6c      0x110 D:/STM_IDE/STM32CubeIDE_1.17.0/STM32CubeIDE/plugins/com.st.stm32cube.ide.mcu.externaltools.gnu-tools-for-stm32.13.3.rel1.win32_1.0.0.202411081344/tools/bin/../lib/gcc/arm-none-eabi/13.3.1/thumb/v7e-m+fp/hard\libgcc.a(_arm_cmpdf2.o)
                0x08000a6c                __gtdf2
                0x08000a6c                __gedf2
                0x08000a74                __ltdf2
                0x08000a74                __ledf2
                0x08000a7c                __nedf2
                0x08000a7c                __eqdf2
                0x08000a7c                __cmpdf2
                0x08000af8                __aeabi_cdrcmple
                0x08000b08                __aeabi_cdcmpeq
                0x08000b08                __aeabi_cdcmple
                0x08000b18                __aeabi_dcmpeq
                0x08000b2c                __aeabi_dcmplt
                0x08000b40                __aeabi_dcmple
                0x08000b54                __aeabi_dcmpge
                0x08000b68                __aeabi_dcmpgt
 .text          0x08000b7c       0x2c D:/STM_IDE/STM32CubeIDE_1.17.0/STM32CubeIDE/plugins/com.st.stm32cube.ide.mcu.externaltools.gnu-tools-for-stm32.13.3.rel1.win32_1.0.0.202411081344/tools/bin/../lib/gcc/arm-none-eabi/13.3.1/thumb/v7e-m+fp/hard\libgcc.a(_arm_unorddf2.o)
                0x08000b7c                __unorddf2
                0x08000b7c                __aeabi_dcmpun
 .text          0x08000ba8       0x50 D:/STM_IDE/STM32CubeIDE_1.17.0/STM32CubeIDE/plugins/com.st.stm32cube.ide.mcu.externaltools.gnu-tools-for-stm32.13.3.rel1.win32_1.0.0.202411081344/tools/bin/../lib/gcc/arm-none-eabi/13.3.1/thumb/v7e-m+fp/hard\libgcc.a(_arm_fixdfsi.o)
                0x08000ba8                __aeabi_d2iz
                0x08000ba8                __fixdfsi
 .text          0x08000bf8      0x21c D:/STM_IDE/STM32CubeIDE_1.17.0/STM32CubeIDE/plugins/com.st.stm32cube.ide.mcu.externaltools.gnu-tools-for-stm32.13.3.rel1.win32_1.0.0.202411081344/tools/bin/../lib/gcc/arm-none-eabi/13.3.1/thumb/v7e-m+fp/hard\libgcc.a(_arm_addsubsf3.o)
                0x08000bf8                __aeabi_frsub
                0x08000c00                __subsf3
                0x08000c00                __aeabi_fsub
                0x08000c04                __aeabi_fadd
                0x08000c04                __addsf3
                0x08000d64                __aeabi_ui2f
                0x08000d64                __floatunsisf
                0x08000d6c                __aeabi_i2f
                0x08000d6c                __floatsisf
                0x08000d88                __aeabi_ul2f
                0x08000d88                __floatundisf
                0x08000d98                __aeabi_l2f
                0x08000d98                __floatdisf
 .text          0x08000e14       0xa0 D:/STM_IDE/STM32CubeIDE_1.17.0/STM32CubeIDE/plugins/com.st.stm32cube.ide.mcu.externaltools.gnu-tools-for-stm32.13.3.rel1.win32_1.0.0.202411081344/tools/bin/../lib/gcc/arm-none-eabi/13.3.1/thumb/v7e-m+fp/hard\libgcc.a(_aeabi_ldivmod.o)
                0x08000e14                __aeabi_ldivmod
 .text          0x08000eb4      0x2f8 D:/STM_IDE/STM32CubeIDE_1.17.0/STM32CubeIDE/plugins/com.st.stm32cube.ide.mcu.externaltools.gnu-tools-for-stm32.13.3.rel1.win32_1.0.0.202411081344/tools/bin/../lib/gcc/arm-none-eabi/13.3.1/thumb/v7e-m+fp/hard\libgcc.a(_udivmoddi4.o)
                0x08000eb4                __udivmoddi4
 .text          0x080011ac        0x4 D:/STM_IDE/STM32CubeIDE_1.17.0/STM32CubeIDE/plugins/com.st.stm32cube.ide.mcu.externaltools.gnu-tools-for-stm32.13.3.rel1.win32_1.0.0.202411081344/tools/bin/../lib/gcc/arm-none-eabi/13.3.1/thumb/v7e-m+fp/hard\libgcc.a(_dvmd_tls.o)
                0x080011ac                __aeabi_idiv0
                0x080011ac                __aeabi_ldiv0
 *(.text*)
 .text.__NVIC_EnableIRQ
                0x080011b0       0x3c ./Core/Src/main.o
 .text.SystemClock_Config
                0x080011ec       0xf4 ./Core/Src/main.o
                0x080011ec                SystemClock_Config
 .text.GPIO_INIT
                0x080012e0      0x120 ./Core/Src/main.o
                0x080012e0                GPIO_INIT
 .text.SysTick_Handler
                0x08001400       0x28 ./Core/Src/main.o
                0x08001400                SysTick_Handler
 .text.CAN_Config
                0x08001428       0xf8 ./Core/Src/main.o
                0x08001428                CAN_Config
 .text.SendCANframe
                0x08001520       0xd0 ./Core/Src/main.o
                0x08001520                SendCANframe
 .text.CAN_SendMessage
                0x080015f0       0xb0 ./Core/Src/main.o
                0x080015f0                CAN_SendMessage
 .text.Init_SPI_STM32
                0x080016a0       0x74 ./Core/Src/main.o
                0x080016a0                Init_SPI_STM32
 .text.SPI_sensor_reg_data
                0x08001714       0x70 ./Core/Src/main.o
                0x08001714                SPI_sensor_reg_data
 .text.SPI_reg_data
                0x08001784       0x34 ./Core/Src/main.o
                0x08001784                SPI_reg_data
 .text.SPI_sensor_reg_data_check
                0x080017b8       0x78 ./Core/Src/main.o
                0x080017b8                SPI_sensor_reg_data_check
 .text.SPI2_IRQHandler
                0x08001830        0xe ./Core/Src/main.o
                0x08001830                SPI2_IRQHandler
 *fill*         0x0800183e        0x2 
 .text.RS422_UART_init
                0x08001840      0x100 ./Core/Src/main.o
                0x08001840                RS422_UART_init
 .text.UART1_SendDMA
                0x08001940       0x74 ./Core/Src/main.o
                0x08001940                UART1_SendDMA
 .text.RS422_SendCommand
                0x080019b4       0xc8 ./Core/Src/main.o
                0x080019b4                RS422_SendCommand
 .text.DMA2_Channel1_IRQHandler
                0x08001a7c       0x54 ./Core/Src/main.o
                0x08001a7c                DMA2_Channel1_IRQHandler
 .text.DMA2_Channel2_IRQHandler
                0x08001ad0       0x58 ./Core/Src/main.o
                0x08001ad0                DMA2_Channel2_IRQHandler
 .text.USART1_IRQHandler
                0x08001b28      0x144 ./Core/Src/main.o
                0x08001b28                USART1_IRQHandler
 .text.RangeFinder_SingleMeas
                0x08001c6c       0x24 ./Core/Src/main.o
                0x08001c6c                RangeFinder_SingleMeas
 .text.RangeFinder_GetMessage
                0x08001c90      0x15c ./Core/Src/main.o
                0x08001c90                RangeFinder_GetMessage
 .text.I2C2_Init
                0x08001dec       0xc4 ./Core/Src/main.o
                0x08001dec                I2C2_Init
 .text.I2C2_WriteCheck
                0x08001eb0       0xec ./Core/Src/main.o
                0x08001eb0                I2C2_WriteCheck
 .text.I2C2_ReadBytes
                0x08001f9c      0x144 ./Core/Src/main.o
                0x08001f9c                I2C2_ReadBytes
 .text.BMP280_Read_Calibration_Data
                0x080020e0       0x28 ./Core/Src/main.o
                0x080020e0                BMP280_Read_Calibration_Data
 .text.BMP280_Read_Data
                0x08002108       0x44 ./Core/Src/main.o
                0x08002108                BMP280_Read_Data
 .text.I2C2_EV_IRQHandler
                0x0800214c       0x48 ./Core/Src/main.o
                0x0800214c                I2C2_EV_IRQHandler
 .text.I2C2_ER_IRQHandler
                0x08002194       0x6c ./Core/Src/main.o
                0x08002194                I2C2_ER_IRQHandler
 .text.DMA1_Channel6_IRQHandler
                0x08002200       0x60 ./Core/Src/main.o
                0x08002200                DMA1_Channel6_IRQHandler
 .text.init_bmp280
                0x08002260      0x118 ./Core/Src/main.o
                0x08002260                init_bmp280
 .text.BMP280_Compensate_Temperature
                0x08002378       0x92 ./Core/Src/main.o
                0x08002378                BMP280_Compensate_Temperature
 *fill*         0x0800240a        0x2 
 .text.BMP280_Compensate_Pressure
                0x0800240c      0x5ac ./Core/Src/main.o
                0x0800240c                BMP280_Compensate_Pressure
 .text.DMA_init_IIM42xxx
                0x080029b8       0x84 ./Core/Src/main.o
                0x080029b8                DMA_init_IIM42xxx
 .text.RW_REG_IIM42xxx
                0x08002a3c       0x8c ./Core/Src/main.o
                0x08002a3c                RW_REG_IIM42xxx
 .text.init_iim42652
                0x08002ac8       0xe0 ./Core/Src/main.o
                0x08002ac8                init_iim42652
 .text.RW_REG_LIS3M
                0x08002ba8       0x8c ./Core/Src/main.o
                0x08002ba8                RW_REG_LIS3M
 .text.DMA_init_LIS3M
                0x08002c34       0x84 ./Core/Src/main.o
                0x08002c34                DMA_init_LIS3M
 .text.init_lis3md
                0x08002cb8      0x154 ./Core/Src/main.o
                0x08002cb8                init_lis3md
 .text.main     0x08002e0c      0x44c ./Core/Src/main.o
                0x08002e0c                main
 .text.FDCAN1_IT1_IRQHandler
                0x08003258       0xe4 ./Core/Src/main.o
                0x08003258                FDCAN1_IT1_IRQHandler
 .text.DMA1_Channel1_IRQHandler
                0x0800333c       0x70 ./Core/Src/main.o
                0x0800333c                DMA1_Channel1_IRQHandler
 .text.EXTI15_10_IRQHandler
                0x080033ac       0x94 ./Core/Src/main.o
                0x080033ac                EXTI15_10_IRQHandler
 .text.DMA1_Channel3_IRQHandler
                0x08003440       0x78 ./Core/Src/main.o
                0x08003440                DMA1_Channel3_IRQHandler
 .text.EXTI1_IRQHandler
                0x080034b8       0x78 ./Core/Src/main.o
                0x080034b8                EXTI1_IRQHandler
 .text.NMI_Handler
                0x08003530        0x8 ./Core/Src/stm32g4xx_it.o
                0x08003530                NMI_Handler
 .text.HardFault_Handler
                0x08003538        0x8 ./Core/Src/stm32g4xx_it.o
                0x08003538                HardFault_Handler
 .text.MemManage_Handler
                0x08003540        0x8 ./Core/Src/stm32g4xx_it.o
                0x08003540                MemManage_Handler
 .text.BusFault_Handler
                0x08003548        0x8 ./Core/Src/stm32g4xx_it.o
                0x08003548                BusFault_Handler
 .text.UsageFault_Handler
                0x08003550        0x8 ./Core/Src/stm32g4xx_it.o
                0x08003550                UsageFault_Handler
 .text.SVC_Handler
                0x08003558        0xe ./Core/Src/stm32g4xx_it.o
                0x08003558                SVC_Handler
 .text.DebugMon_Handler
                0x08003566        0xe ./Core/Src/stm32g4xx_it.o
                0x08003566                DebugMon_Handler
 .text.PendSV_Handler
                0x08003574        0xe ./Core/Src/stm32g4xx_it.o
                0x08003574                PendSV_Handler
 .text._getpid  0x08003582       0x10 ./Core/Src/syscalls.o
                0x08003582                _getpid
 .text._kill    0x08003592       0x20 ./Core/Src/syscalls.o
                0x08003592                _kill
 .text._exit    0x080035b2       0x16 ./Core/Src/syscalls.o
                0x080035b2                _exit
 .text._read    0x080035c8       0x3a ./Core/Src/syscalls.o
                0x080035c8                _read
 .text._write   0x08003602       0x38 ./Core/Src/syscalls.o
                0x08003602                _write
 .text._close   0x0800363a       0x18 ./Core/Src/syscalls.o
                0x0800363a                _close
 .text._fstat   0x08003652       0x20 ./Core/Src/syscalls.o
                0x08003652                _fstat
 .text._isatty  0x08003672       0x16 ./Core/Src/syscalls.o
                0x08003672                _isatty
 .text._lseek   0x08003688       0x1a ./Core/Src/syscalls.o
                0x08003688                _lseek
 *fill*         0x080036a2        0x2 
 .text._sbrk    0x080036a4       0x6c ./Core/Src/sysmem.o
                0x080036a4                _sbrk
 .text.SystemInit
                0x08003710       0x24 ./Core/Src/system_stm32g4xx.o
                0x08003710                SystemInit
 .text.SystemCoreClockUpdate
                0x08003734       0xd4 ./Core/Src/system_stm32g4xx.o
                0x08003734                SystemCoreClockUpdate
 .text.Reset_Handler
                0x08003808       0x50 ./Core/Startup/startup_stm32g431cbtxz.o
                0x08003808                Reset_Handler
 .text.Default_Handler
                0x08003858        0x2 ./Core/Startup/startup_stm32g431cbtxz.o
                0x08003858                RTC_Alarm_IRQHandler
                0x08003858                EXTI2_IRQHandler
                0x08003858                TIM8_TRG_COM_IRQHandler
                0x08003858                TIM8_CC_IRQHandler
                0x08003858                TIM1_CC_IRQHandler
                0x08003858                USB_HP_IRQHandler
                0x08003858                CORDIC_IRQHandler
                0x08003858                EXTI3_IRQHandler
                0x08003858                I2C3_ER_IRQHandler
                0x08003858                EXTI0_IRQHandler
                0x08003858                FPU_IRQHandler
                0x08003858                TIM1_UP_TIM16_IRQHandler
                0x08003858                ADC1_2_IRQHandler
                0x08003858                SPI1_IRQHandler
                0x08003858                TIM6_DAC_IRQHandler
                0x08003858                TIM8_UP_IRQHandler
                0x08003858                DMA1_Channel4_IRQHandler
                0x08003858                USART3_IRQHandler
                0x08003858                TIM4_IRQHandler
                0x08003858                I2C1_EV_IRQHandler
                0x08003858                UART4_IRQHandler
                0x08003858                DMA2_Channel4_IRQHandler
                0x08003858                TIM3_IRQHandler
                0x08003858                RCC_IRQHandler
                0x08003858                Default_Handler
                0x08003858                RTC_TAMP_LSECSS_IRQHandler
                0x08003858                FMAC_IRQHandler
                0x08003858                TIM7_IRQHandler
                0x08003858                UCPD1_IRQHandler
                0x08003858                I2C3_EV_IRQHandler
                0x08003858                EXTI9_5_IRQHandler
                0x08003858                RTC_WKUP_IRQHandler
                0x08003858                PVD_PVM_IRQHandler
                0x08003858                DMA2_Channel5_IRQHandler
                0x08003858                CRS_IRQHandler
                0x08003858                DMA1_Channel5_IRQHandler
                0x08003858                USB_LP_IRQHandler
                0x08003858                EXTI4_IRQHandler
                0x08003858                RNG_IRQHandler
                0x08003858                TIM1_TRG_COM_TIM17_IRQHandler
                0x08003858                WWDG_IRQHandler
                0x08003858                LPUART1_IRQHandler
                0x08003858                DMA2_Channel6_IRQHandler
                0x08003858                FDCAN1_IT0_IRQHandler
                0x08003858                TIM2_IRQHandler
                0x08003858                COMP1_2_3_IRQHandler
                0x08003858                USART2_IRQHandler
                0x08003858                DMA1_Channel2_IRQHandler
                0x08003858                TIM8_BRK_IRQHandler
                0x08003858                FLASH_IRQHandler
                0x08003858                SPI3_IRQHandler
                0x08003858                I2C1_ER_IRQHandler
                0x08003858                LPTIM1_IRQHandler
                0x08003858                DMAMUX_OVR_IRQHandler
                0x08003858                USBWakeUp_IRQHandler
                0x08003858                SAI1_IRQHandler
                0x08003858                DMA2_Channel3_IRQHandler
                0x08003858                COMP4_IRQHandler
                0x08003858                TIM1_BRK_TIM15_IRQHandler
 *fill*         0x0800385a        0x2 
 .text.I2C2_Mem_Write
                0x0800385c      0x124 ./Drivers/OLED/ssd1306.o
                0x0800385c                I2C2_Mem_Write
 .text.ssd1306_WriteCommand
                0x08003980       0x1e ./Drivers/OLED/ssd1306.o
                0x08003980                ssd1306_WriteCommand
 .text.ssd1306_WriteData
                0x0800399e       0x20 ./Drivers/OLED/ssd1306.o
                0x0800399e                ssd1306_WriteData
 *fill*         0x080039be        0x2 
 .text.ssd1306_Init
                0x080039c0       0xec ./Drivers/OLED/ssd1306.o
                0x080039c0                ssd1306_Init
 .text.ssd1306_Fill
                0x08003aac       0x30 ./Drivers/OLED/ssd1306.o
                0x08003aac                ssd1306_Fill
 .text.ssd1306_UpdateScreen
                0x08003adc       0x50 ./Drivers/OLED/ssd1306.o
                0x08003adc                ssd1306_UpdateScreen
 .text.ssd1306_SetContrast
                0x08003b2c       0x26 ./Drivers/OLED/ssd1306.o
                0x08003b2c                ssd1306_SetContrast
 *fill*         0x08003b52        0x2 
 .text.ssd1306_SetDisplayOn
                0x08003b54       0x3c ./Drivers/OLED/ssd1306.o
                0x08003b54                ssd1306_SetDisplayOn
 .text.__NVIC_SetPriority
                0x08003b90       0x54 ./Drivers/STM32G4xx_HAL_Driver/Src/stm32g4xx_hal_cortex.o
 .text.SysTick_Config
                0x08003be4       0x44 ./Drivers/STM32G4xx_HAL_Driver/Src/stm32g4xx_hal_cortex.o
 .text.HAL_SYSTICK_Config
                0x08003c28       0x18 ./Drivers/STM32G4xx_HAL_Driver/Src/stm32g4xx_hal_cortex.o
                0x08003c28                HAL_SYSTICK_Config
 .text.HAL_SYSTICK_CLKSourceConfig
                0x08003c40       0x38 ./Drivers/STM32G4xx_HAL_Driver/Src/stm32g4xx_hal_cortex.o
                0x08003c40                HAL_SYSTICK_CLKSourceConfig
 .text.__cvt    0x08003c78       0xca D:/STM_IDE/STM32CubeIDE_1.17.0/STM32CubeIDE/plugins/com.st.stm32cube.ide.mcu.externaltools.gnu-tools-for-stm32.13.3.rel1.win32_1.0.0.202411081344/tools/bin/../lib/gcc/arm-none-eabi/13.3.1/../../../../arm-none-eabi/lib/thumb/v7e-m+fp/hard\libc_nano.a(libc_a-nano-vfprintf_float.o)
                0x08003c78                __cvt
 .text.__exponent
                0x08003d42       0x74 D:/STM_IDE/STM32CubeIDE_1.17.0/STM32CubeIDE/plugins/com.st.stm32cube.ide.mcu.externaltools.gnu-tools-for-stm32.13.3.rel1.win32_1.0.0.202411081344/tools/bin/../lib/gcc/arm-none-eabi/13.3.1/../../../../arm-none-eabi/lib/thumb/v7e-m+fp/hard\libc_nano.a(libc_a-nano-vfprintf_float.o)
                0x08003d42                __exponent
 *fill*         0x08003db6        0x2 
 .text._printf_float
                0x08003db8      0x454 D:/STM_IDE/STM32CubeIDE_1.17.0/STM32CubeIDE/plugins/com.st.stm32cube.ide.mcu.externaltools.gnu-tools-for-stm32.13.3.rel1.win32_1.0.0.202411081344/tools/bin/../lib/gcc/arm-none-eabi/13.3.1/../../../../arm-none-eabi/lib/thumb/v7e-m+fp/hard\libc_nano.a(libc_a-nano-vfprintf_float.o)
                0x08003db8                _printf_float
 .text._printf_common
                0x0800420c       0xda D:/STM_IDE/STM32CubeIDE_1.17.0/STM32CubeIDE/plugins/com.st.stm32cube.ide.mcu.externaltools.gnu-tools-for-stm32.13.3.rel1.win32_1.0.0.202411081344/tools/bin/../lib/gcc/arm-none-eabi/13.3.1/../../../../arm-none-eabi/lib/thumb/v7e-m+fp/hard\libc_nano.a(libc_a-nano-vfprintf_i.o)
                0x0800420c                _printf_common
 *fill*         0x080042e6        0x2 
 .text._printf_i
                0x080042e8      0x23c D:/STM_IDE/STM32CubeIDE_1.17.0/STM32CubeIDE/plugins/com.st.stm32cube.ide.mcu.externaltools.gnu-tools-for-stm32.13.3.rel1.win32_1.0.0.202411081344/tools/bin/../lib/gcc/arm-none-eabi/13.3.1/../../../../arm-none-eabi/lib/thumb/v7e-m+fp/hard\libc_nano.a(libc_a-nano-vfprintf_i.o)
                0x080042e8                _printf_i
 .text.std      0x08004524       0x6c D:/STM_IDE/STM32CubeIDE_1.17.0/STM32CubeIDE/plugins/com.st.stm32cube.ide.mcu.externaltools.gnu-tools-for-stm32.13.3.rel1.win32_1.0.0.202411081344/tools/bin/../lib/gcc/arm-none-eabi/13.3.1/../../../../arm-none-eabi/lib/thumb/v7e-m+fp/hard\libc_nano.a(libc_a-findfp.o)
 .text.stdio_exit_handler
                0x08004590       0x18 D:/STM_IDE/STM32CubeIDE_1.17.0/STM32CubeIDE/plugins/com.st.stm32cube.ide.mcu.externaltools.gnu-tools-for-stm32.13.3.rel1.win32_1.0.0.202411081344/tools/bin/../lib/gcc/arm-none-eabi/13.3.1/../../../../arm-none-eabi/lib/thumb/v7e-m+fp/hard\libc_nano.a(libc_a-findfp.o)
 .text.cleanup_stdio
                0x080045a8       0x40 D:/STM_IDE/STM32CubeIDE_1.17.0/STM32CubeIDE/plugins/com.st.stm32cube.ide.mcu.externaltools.gnu-tools-for-stm32.13.3.rel1.win32_1.0.0.202411081344/tools/bin/../lib/gcc/arm-none-eabi/13.3.1/../../../../arm-none-eabi/lib/thumb/v7e-m+fp/hard\libc_nano.a(libc_a-findfp.o)
 .text.global_stdio_init.part.0
                0x080045e8       0x3c D:/STM_IDE/STM32CubeIDE_1.17.0/STM32CubeIDE/plugins/com.st.stm32cube.ide.mcu.externaltools.gnu-tools-for-stm32.13.3.rel1.win32_1.0.0.202411081344/tools/bin/../lib/gcc/arm-none-eabi/13.3.1/../../../../arm-none-eabi/lib/thumb/v7e-m+fp/hard\libc_nano.a(libc_a-findfp.o)
 .text.__sfp_lock_acquire
                0x08004624        0xc D:/STM_IDE/STM32CubeIDE_1.17.0/STM32CubeIDE/plugins/com.st.stm32cube.ide.mcu.externaltools.gnu-tools-for-stm32.13.3.rel1.win32_1.0.0.202411081344/tools/bin/../lib/gcc/arm-none-eabi/13.3.1/../../../../arm-none-eabi/lib/thumb/v7e-m+fp/hard\libc_nano.a(libc_a-findfp.o)
                0x08004624                __sfp_lock_acquire
 .text.__sfp_lock_release
                0x08004630        0xc D:/STM_IDE/STM32CubeIDE_1.17.0/STM32CubeIDE/plugins/com.st.stm32cube.ide.mcu.externaltools.gnu-tools-for-stm32.13.3.rel1.win32_1.0.0.202411081344/tools/bin/../lib/gcc/arm-none-eabi/13.3.1/../../../../arm-none-eabi/lib/thumb/v7e-m+fp/hard\libc_nano.a(libc_a-findfp.o)
                0x08004630                __sfp_lock_release
 .text.__sinit  0x0800463c       0x30 D:/STM_IDE/STM32CubeIDE_1.17.0/STM32CubeIDE/plugins/com.st.stm32cube.ide.mcu.externaltools.gnu-tools-for-stm32.13.3.rel1.win32_1.0.0.202411081344/tools/bin/../lib/gcc/arm-none-eabi/13.3.1/../../../../arm-none-eabi/lib/thumb/v7e-m+fp/hard\libc_nano.a(libc_a-findfp.o)
                0x0800463c                __sinit
 .text._fwalk_sglue
                0x0800466c       0x3c D:/STM_IDE/STM32CubeIDE_1.17.0/STM32CubeIDE/plugins/com.st.stm32cube.ide.mcu.externaltools.gnu-tools-for-stm32.13.3.rel1.win32_1.0.0.202411081344/tools/bin/../lib/gcc/arm-none-eabi/13.3.1/../../../../arm-none-eabi/lib/thumb/v7e-m+fp/hard\libc_nano.a(libc_a-fwalk.o)
                0x0800466c                _fwalk_sglue
 .text.__sread  0x080046a8       0x22 D:/STM_IDE/STM32CubeIDE_1.17.0/STM32CubeIDE/plugins/com.st.stm32cube.ide.mcu.externaltools.gnu-tools-for-stm32.13.3.rel1.win32_1.0.0.202411081344/tools/bin/../lib/gcc/arm-none-eabi/13.3.1/../../../../arm-none-eabi/lib/thumb/v7e-m+fp/hard\libc_nano.a(libc_a-stdio.o)
                0x080046a8                __sread
 .text.__swrite
                0x080046ca       0x38 D:/STM_IDE/STM32CubeIDE_1.17.0/STM32CubeIDE/plugins/com.st.stm32cube.ide.mcu.externaltools.gnu-tools-for-stm32.13.3.rel1.win32_1.0.0.202411081344/tools/bin/../lib/gcc/arm-none-eabi/13.3.1/../../../../arm-none-eabi/lib/thumb/v7e-m+fp/hard\libc_nano.a(libc_a-stdio.o)
                0x080046ca                __swrite
 .text.__sseek  0x08004702       0x24 D:/STM_IDE/STM32CubeIDE_1.17.0/STM32CubeIDE/plugins/com.st.stm32cube.ide.mcu.externaltools.gnu-tools-for-stm32.13.3.rel1.win32_1.0.0.202411081344/tools/bin/../lib/gcc/arm-none-eabi/13.3.1/../../../../arm-none-eabi/lib/thumb/v7e-m+fp/hard\libc_nano.a(libc_a-stdio.o)
                0x08004702                __sseek
 .text.__sclose
                0x08004726        0x8 D:/STM_IDE/STM32CubeIDE_1.17.0/STM32CubeIDE/plugins/com.st.stm32cube.ide.mcu.externaltools.gnu-tools-for-stm32.13.3.rel1.win32_1.0.0.202411081344/tools/bin/../lib/gcc/arm-none-eabi/13.3.1/../../../../arm-none-eabi/lib/thumb/v7e-m+fp/hard\libc_nano.a(libc_a-stdio.o)
                0x08004726                __sclose
 .text.memset   0x0800472e       0x10 D:/STM_IDE/STM32CubeIDE_1.17.0/STM32CubeIDE/plugins/com.st.stm32cube.ide.mcu.externaltools.gnu-tools-for-stm32.13.3.rel1.win32_1.0.0.202411081344/tools/bin/../lib/gcc/arm-none-eabi/13.3.1/../../../../arm-none-eabi/lib/thumb/v7e-m+fp/hard\libc_nano.a(libc_a-memset.o)
                0x0800472e                memset
 *fill*         0x0800473e        0x2 
 .text._localeconv_r
                0x08004740        0x8 D:/STM_IDE/STM32CubeIDE_1.17.0/STM32CubeIDE/plugins/com.st.stm32cube.ide.mcu.externaltools.gnu-tools-for-stm32.13.3.rel1.win32_1.0.0.202411081344/tools/bin/../lib/gcc/arm-none-eabi/13.3.1/../../../../arm-none-eabi/lib/thumb/v7e-m+fp/hard\libc_nano.a(libc_a-localeconv.o)
                0x08004740                _localeconv_r
 .text._close_r
                0x08004748       0x20 D:/STM_IDE/STM32CubeIDE_1.17.0/STM32CubeIDE/plugins/com.st.stm32cube.ide.mcu.externaltools.gnu-tools-for-stm32.13.3.rel1.win32_1.0.0.202411081344/tools/bin/../lib/gcc/arm-none-eabi/13.3.1/../../../../arm-none-eabi/lib/thumb/v7e-m+fp/hard\libc_nano.a(libc_a-closer.o)
                0x08004748                _close_r
 .text._lseek_r
                0x08004768       0x24 D:/STM_IDE/STM32CubeIDE_1.17.0/STM32CubeIDE/plugins/com.st.stm32cube.ide.mcu.externaltools.gnu-tools-for-stm32.13.3.rel1.win32_1.0.0.202411081344/tools/bin/../lib/gcc/arm-none-eabi/13.3.1/../../../../arm-none-eabi/lib/thumb/v7e-m+fp/hard\libc_nano.a(libc_a-lseekr.o)
                0x08004768                _lseek_r
 .text._read_r  0x0800478c       0x24 D:/STM_IDE/STM32CubeIDE_1.17.0/STM32CubeIDE/plugins/com.st.stm32cube.ide.mcu.externaltools.gnu-tools-for-stm32.13.3.rel1.win32_1.0.0.202411081344/tools/bin/../lib/gcc/arm-none-eabi/13.3.1/../../../../arm-none-eabi/lib/thumb/v7e-m+fp/hard\libc_nano.a(libc_a-readr.o)
                0x0800478c                _read_r
 .text._write_r
                0x080047b0       0x24 D:/STM_IDE/STM32CubeIDE_1.17.0/STM32CubeIDE/plugins/com.st.stm32cube.ide.mcu.externaltools.gnu-tools-for-stm32.13.3.rel1.win32_1.0.0.202411081344/tools/bin/../lib/gcc/arm-none-eabi/13.3.1/../../../../arm-none-eabi/lib/thumb/v7e-m+fp/hard\libc_nano.a(libc_a-writer.o)
                0x080047b0                _write_r
 .text.__errno  0x080047d4        0xc D:/STM_IDE/STM32CubeIDE_1.17.0/STM32CubeIDE/plugins/com.st.stm32cube.ide.mcu.externaltools.gnu-tools-for-stm32.13.3.rel1.win32_1.0.0.202411081344/tools/bin/../lib/gcc/arm-none-eabi/13.3.1/../../../../arm-none-eabi/lib/thumb/v7e-m+fp/hard\libc_nano.a(libc_a-errno.o)
                0x080047d4                __errno
 .text.__libc_init_array
                0x080047e0       0x48 D:/STM_IDE/STM32CubeIDE_1.17.0/STM32CubeIDE/plugins/com.st.stm32cube.ide.mcu.externaltools.gnu-tools-for-stm32.13.3.rel1.win32_1.0.0.202411081344/tools/bin/../lib/gcc/arm-none-eabi/13.3.1/../../../../arm-none-eabi/lib/thumb/v7e-m+fp/hard\libc_nano.a(libc_a-init.o)
                0x080047e0                __libc_init_array
 .text.__retarget_lock_init_recursive
                0x08004828        0x2 D:/STM_IDE/STM32CubeIDE_1.17.0/STM32CubeIDE/plugins/com.st.stm32cube.ide.mcu.externaltools.gnu-tools-for-stm32.13.3.rel1.win32_1.0.0.202411081344/tools/bin/../lib/gcc/arm-none-eabi/13.3.1/../../../../arm-none-eabi/lib/thumb/v7e-m+fp/hard\libc_nano.a(libc_a-lock.o)
                0x08004828                __retarget_lock_init_recursive
 .text.__retarget_lock_acquire_recursive
                0x0800482a        0x2 D:/STM_IDE/STM32CubeIDE_1.17.0/STM32CubeIDE/plugins/com.st.stm32cube.ide.mcu.externaltools.gnu-tools-for-stm32.13.3.rel1.win32_1.0.0.202411081344/tools/bin/../lib/gcc/arm-none-eabi/13.3.1/../../../../arm-none-eabi/lib/thumb/v7e-m+fp/hard\libc_nano.a(libc_a-lock.o)
                0x0800482a                __retarget_lock_acquire_recursive
 .text.__retarget_lock_release_recursive
                0x0800482c        0x2 D:/STM_IDE/STM32CubeIDE_1.17.0/STM32CubeIDE/plugins/com.st.stm32cube.ide.mcu.externaltools.gnu-tools-for-stm32.13.3.rel1.win32_1.0.0.202411081344/tools/bin/../lib/gcc/arm-none-eabi/13.3.1/../../../../arm-none-eabi/lib/thumb/v7e-m+fp/hard\libc_nano.a(libc_a-lock.o)
                0x0800482c                __retarget_lock_release_recursive
 .text.memcpy   0x0800482e       0x1c D:/STM_IDE/STM32CubeIDE_1.17.0/STM32CubeIDE/plugins/com.st.stm32cube.ide.mcu.externaltools.gnu-tools-for-stm32.13.3.rel1.win32_1.0.0.202411081344/tools/bin/../lib/gcc/arm-none-eabi/13.3.1/../../../../arm-none-eabi/lib/thumb/v7e-m+fp/hard\libc_nano.a(libc_a-memcpy-stub.o)
                0x0800482e                memcpy
 .text.quorem   0x0800484a      0x110 D:/STM_IDE/STM32CubeIDE_1.17.0/STM32CubeIDE/plugins/com.st.stm32cube.ide.mcu.externaltools.gnu-tools-for-stm32.13.3.rel1.win32_1.0.0.202411081344/tools/bin/../lib/gcc/arm-none-eabi/13.3.1/../../../../arm-none-eabi/lib/thumb/v7e-m+fp/hard\libc_nano.a(libc_a-dtoa.o)
 *fill*         0x0800495a        0x6 
 .text._dtoa_r  0x08004960      0xba0 D:/STM_IDE/STM32CubeIDE_1.17.0/STM32CubeIDE/plugins/com.st.stm32cube.ide.mcu.externaltools.gnu-tools-for-stm32.13.3.rel1.win32_1.0.0.202411081344/tools/bin/../lib/gcc/arm-none-eabi/13.3.1/../../../../arm-none-eabi/lib/thumb/v7e-m+fp/hard\libc_nano.a(libc_a-dtoa.o)
                0x08004960                _dtoa_r
 .text._free_r  0x08005500       0x94 D:/STM_IDE/STM32CubeIDE_1.17.0/STM32CubeIDE/plugins/com.st.stm32cube.ide.mcu.externaltools.gnu-tools-for-stm32.13.3.rel1.win32_1.0.0.202411081344/tools/bin/../lib/gcc/arm-none-eabi/13.3.1/../../../../arm-none-eabi/lib/thumb/v7e-m+fp/hard\libc_nano.a(libc_a-freer.o)
                0x08005500                _free_r
 .text.malloc   0x08005594       0x10 D:/STM_IDE/STM32CubeIDE_1.17.0/STM32CubeIDE/plugins/com.st.stm32cube.ide.mcu.externaltools.gnu-tools-for-stm32.13.3.rel1.win32_1.0.0.202411081344/tools/bin/../lib/gcc/arm-none-eabi/13.3.1/../../../../arm-none-eabi/lib/thumb/v7e-m+fp/hard\libc_nano.a(libc_a-malloc.o)
                0x08005594                malloc
 .text.sbrk_aligned
                0x080055a4       0x44 D:/STM_IDE/STM32CubeIDE_1.17.0/STM32CubeIDE/plugins/com.st.stm32cube.ide.mcu.externaltools.gnu-tools-for-stm32.13.3.rel1.win32_1.0.0.202411081344/tools/bin/../lib/gcc/arm-none-eabi/13.3.1/../../../../arm-none-eabi/lib/thumb/v7e-m+fp/hard\libc_nano.a(libc_a-mallocr.o)
 .text._malloc_r
                0x080055e8      0x100 D:/STM_IDE/STM32CubeIDE_1.17.0/STM32CubeIDE/plugins/com.st.stm32cube.ide.mcu.externaltools.gnu-tools-for-stm32.13.3.rel1.win32_1.0.0.202411081344/tools/bin/../lib/gcc/arm-none-eabi/13.3.1/../../../../arm-none-eabi/lib/thumb/v7e-m+fp/hard\libc_nano.a(libc_a-mallocr.o)
                0x080055e8                _malloc_r
 .text.__malloc_lock
                0x080056e8        0xc D:/STM_IDE/STM32CubeIDE_1.17.0/STM32CubeIDE/plugins/com.st.stm32cube.ide.mcu.externaltools.gnu-tools-for-stm32.13.3.rel1.win32_1.0.0.202411081344/tools/bin/../lib/gcc/arm-none-eabi/13.3.1/../../../../arm-none-eabi/lib/thumb/v7e-m+fp/hard\libc_nano.a(libc_a-mlock.o)
                0x080056e8                __malloc_lock
 .text.__malloc_unlock
                0x080056f4        0xc D:/STM_IDE/STM32CubeIDE_1.17.0/STM32CubeIDE/plugins/com.st.stm32cube.ide.mcu.externaltools.gnu-tools-for-stm32.13.3.rel1.win32_1.0.0.202411081344/tools/bin/../lib/gcc/arm-none-eabi/13.3.1/../../../../arm-none-eabi/lib/thumb/v7e-m+fp/hard\libc_nano.a(libc_a-mlock.o)
                0x080056f4                __malloc_unlock
 .text._Balloc  0x08005700       0x80 D:/STM_IDE/STM32CubeIDE_1.17.0/STM32CubeIDE/plugins/com.st.stm32cube.ide.mcu.externaltools.gnu-tools-for-stm32.13.3.rel1.win32_1.0.0.202411081344/tools/bin/../lib/gcc/arm-none-eabi/13.3.1/../../../../arm-none-eabi/lib/thumb/v7e-m+fp/hard\libc_nano.a(libc_a-mprec.o)
                0x08005700                _Balloc
 .text._Bfree   0x08005780       0x44 D:/STM_IDE/STM32CubeIDE_1.17.0/STM32CubeIDE/plugins/com.st.stm32cube.ide.mcu.externaltools.gnu-tools-for-stm32.13.3.rel1.win32_1.0.0.202411081344/tools/bin/../lib/gcc/arm-none-eabi/13.3.1/../../../../arm-none-eabi/lib/thumb/v7e-m+fp/hard\libc_nano.a(libc_a-mprec.o)
                0x08005780                _Bfree
 .text.__multadd
                0x080057c4       0x8c D:/STM_IDE/STM32CubeIDE_1.17.0/STM32CubeIDE/plugins/com.st.stm32cube.ide.mcu.externaltools.gnu-tools-for-stm32.13.3.rel1.win32_1.0.0.202411081344/tools/bin/../lib/gcc/arm-none-eabi/13.3.1/../../../../arm-none-eabi/lib/thumb/v7e-m+fp/hard\libc_nano.a(libc_a-mprec.o)
                0x080057c4                __multadd
 .text.__hi0bits
                0x08005850       0x3e D:/STM_IDE/STM32CubeIDE_1.17.0/STM32CubeIDE/plugins/com.st.stm32cube.ide.mcu.externaltools.gnu-tools-for-stm32.13.3.rel1.win32_1.0.0.202411081344/tools/bin/../lib/gcc/arm-none-eabi/13.3.1/../../../../arm-none-eabi/lib/thumb/v7e-m+fp/hard\libc_nano.a(libc_a-mprec.o)
                0x08005850                __hi0bits
 .text.__lo0bits
                0x0800588e       0x5a D:/STM_IDE/STM32CubeIDE_1.17.0/STM32CubeIDE/plugins/com.st.stm32cube.ide.mcu.externaltools.gnu-tools-for-stm32.13.3.rel1.win32_1.0.0.202411081344/tools/bin/../lib/gcc/arm-none-eabi/13.3.1/../../../../arm-none-eabi/lib/thumb/v7e-m+fp/hard\libc_nano.a(libc_a-mprec.o)
                0x0800588e                __lo0bits
 .text.__i2b    0x080058e8       0x2c D:/STM_IDE/STM32CubeIDE_1.17.0/STM32CubeIDE/plugins/com.st.stm32cube.ide.mcu.externaltools.gnu-tools-for-stm32.13.3.rel1.win32_1.0.0.202411081344/tools/bin/../lib/gcc/arm-none-eabi/13.3.1/../../../../arm-none-eabi/lib/thumb/v7e-m+fp/hard\libc_nano.a(libc_a-mprec.o)
                0x080058e8                __i2b
 .text.__multiply
                0x08005914      0x144 D:/STM_IDE/STM32CubeIDE_1.17.0/STM32CubeIDE/plugins/com.st.stm32cube.ide.mcu.externaltools.gnu-tools-for-stm32.13.3.rel1.win32_1.0.0.202411081344/tools/bin/../lib/gcc/arm-none-eabi/13.3.1/../../../../arm-none-eabi/lib/thumb/v7e-m+fp/hard\libc_nano.a(libc_a-mprec.o)
                0x08005914                __multiply
 .text.__pow5mult
                0x08005a58       0xb4 D:/STM_IDE/STM32CubeIDE_1.17.0/STM32CubeIDE/plugins/com.st.stm32cube.ide.mcu.externaltools.gnu-tools-for-stm32.13.3.rel1.win32_1.0.0.202411081344/tools/bin/../lib/gcc/arm-none-eabi/13.3.1/../../../../arm-none-eabi/lib/thumb/v7e-m+fp/hard\libc_nano.a(libc_a-mprec.o)
                0x08005a58                __pow5mult
 .text.__lshift
                0x08005b0c       0xd8 D:/STM_IDE/STM32CubeIDE_1.17.0/STM32CubeIDE/plugins/com.st.stm32cube.ide.mcu.externaltools.gnu-tools-for-stm32.13.3.rel1.win32_1.0.0.202411081344/tools/bin/../lib/gcc/arm-none-eabi/13.3.1/../../../../arm-none-eabi/lib/thumb/v7e-m+fp/hard\libc_nano.a(libc_a-mprec.o)
                0x08005b0c                __lshift
 .text.__mcmp   0x08005be4       0x36 D:/STM_IDE/STM32CubeIDE_1.17.0/STM32CubeIDE/plugins/com.st.stm32cube.ide.mcu.externaltools.gnu-tools-for-stm32.13.3.rel1.win32_1.0.0.202411081344/tools/bin/../lib/gcc/arm-none-eabi/13.3.1/../../../../arm-none-eabi/lib/thumb/v7e-m+fp/hard\libc_nano.a(libc_a-mprec.o)
                0x08005be4                __mcmp
 *fill*         0x08005c1a        0x2 
 .text.__mdiff  0x08005c1c      0x128 D:/STM_IDE/STM32CubeIDE_1.17.0/STM32CubeIDE/plugins/com.st.stm32cube.ide.mcu.externaltools.gnu-tools-for-stm32.13.3.rel1.win32_1.0.0.202411081344/tools/bin/../lib/gcc/arm-none-eabi/13.3.1/../../../../arm-none-eabi/lib/thumb/v7e-m+fp/hard\libc_nano.a(libc_a-mprec.o)
                0x08005c1c                __mdiff
 .text.__d2b    0x08005d44       0xb0 D:/STM_IDE/STM32CubeIDE_1.17.0/STM32CubeIDE/plugins/com.st.stm32cube.ide.mcu.externaltools.gnu-tools-for-stm32.13.3.rel1.win32_1.0.0.202411081344/tools/bin/../lib/gcc/arm-none-eabi/13.3.1/../../../../arm-none-eabi/lib/thumb/v7e-m+fp/hard\libc_nano.a(libc_a-mprec.o)
                0x08005d44                __d2b
 .text.__sflush_r
                0x08005df4      0x108 D:/STM_IDE/STM32CubeIDE_1.17.0/STM32CubeIDE/plugins/com.st.stm32cube.ide.mcu.externaltools.gnu-tools-for-stm32.13.3.rel1.win32_1.0.0.202411081344/tools/bin/../lib/gcc/arm-none-eabi/13.3.1/../../../../arm-none-eabi/lib/thumb/v7e-m+fp/hard\libc_nano.a(libc_a-fflush.o)
                0x08005df4                __sflush_r
 .text._fflush_r
                0x08005efc       0x50 D:/STM_IDE/STM32CubeIDE_1.17.0/STM32CubeIDE/plugins/com.st.stm32cube.ide.mcu.externaltools.gnu-tools-for-stm32.13.3.rel1.win32_1.0.0.202411081344/tools/bin/../lib/gcc/arm-none-eabi/13.3.1/../../../../arm-none-eabi/lib/thumb/v7e-m+fp/hard\libc_nano.a(libc_a-fflush.o)
                0x08005efc                _fflush_r
 .text._sbrk_r  0x08005f4c       0x20 D:/STM_IDE/STM32CubeIDE_1.17.0/STM32CubeIDE/plugins/com.st.stm32cube.ide.mcu.externaltools.gnu-tools-for-stm32.13.3.rel1.win32_1.0.0.202411081344/tools/bin/../lib/gcc/arm-none-eabi/13.3.1/../../../../arm-none-eabi/lib/thumb/v7e-m+fp/hard\libc_nano.a(libc_a-sbrkr.o)
                0x08005f4c                _sbrk_r
 .text.__assert_func
                0x08005f6c       0x3c D:/STM_IDE/STM32CubeIDE_1.17.0/STM32CubeIDE/plugins/com.st.stm32cube.ide.mcu.externaltools.gnu-tools-for-stm32.13.3.rel1.win32_1.0.0.202411081344/tools/bin/../lib/gcc/arm-none-eabi/13.3.1/../../../../arm-none-eabi/lib/thumb/v7e-m+fp/hard\libc_nano.a(libc_a-assert.o)
                0x08005f6c                __assert_func
 .text._calloc_r
                0x08005fa8       0x28 D:/STM_IDE/STM32CubeIDE_1.17.0/STM32CubeIDE/plugins/com.st.stm32cube.ide.mcu.externaltools.gnu-tools-for-stm32.13.3.rel1.win32_1.0.0.202411081344/tools/bin/../lib/gcc/arm-none-eabi/13.3.1/../../../../arm-none-eabi/lib/thumb/v7e-m+fp/hard\libc_nano.a(libc_a-callocr.o)
                0x08005fa8                _calloc_r
 .text.__ascii_mbtowc
                0x08005fd0       0x24 D:/STM_IDE/STM32CubeIDE_1.17.0/STM32CubeIDE/plugins/com.st.stm32cube.ide.mcu.externaltools.gnu-tools-for-stm32.13.3.rel1.win32_1.0.0.202411081344/tools/bin/../lib/gcc/arm-none-eabi/13.3.1/../../../../arm-none-eabi/lib/thumb/v7e-m+fp/hard\libc_nano.a(libc_a-mbtowc_r.o)
                0x08005fd0                __ascii_mbtowc
 .text.__ascii_wctomb
                0x08005ff4       0x1a D:/STM_IDE/STM32CubeIDE_1.17.0/STM32CubeIDE/plugins/com.st.stm32cube.ide.mcu.externaltools.gnu-tools-for-stm32.13.3.rel1.win32_1.0.0.202411081344/tools/bin/../lib/gcc/arm-none-eabi/13.3.1/../../../../arm-none-eabi/lib/thumb/v7e-m+fp/hard\libc_nano.a(libc_a-wctomb_r.o)
                0x08005ff4                __ascii_wctomb
 *fill*         0x0800600e        0x2 
 .text.fprintf  0x08006010       0x24 D:/STM_IDE/STM32CubeIDE_1.17.0/STM32CubeIDE/plugins/com.st.stm32cube.ide.mcu.externaltools.gnu-tools-for-stm32.13.3.rel1.win32_1.0.0.202411081344/tools/bin/../lib/gcc/arm-none-eabi/13.3.1/../../../../arm-none-eabi/lib/thumb/v7e-m+fp/hard\libc_nano.a(libc_a-fprintf.o)
                0x08006010                fiprintf
                0x08006010                fprintf
 .text.abort    0x08006034        0xe D:/STM_IDE/STM32CubeIDE_1.17.0/STM32CubeIDE/plugins/com.st.stm32cube.ide.mcu.externaltools.gnu-tools-for-stm32.13.3.rel1.win32_1.0.0.202411081344/tools/bin/../lib/gcc/arm-none-eabi/13.3.1/../../../../arm-none-eabi/lib/thumb/v7e-m+fp/hard\libc_nano.a(libc_a-abort.o)
                0x08006034                abort
 .text.__sfputc_r
                0x08006042       0x2e D:/STM_IDE/STM32CubeIDE_1.17.0/STM32CubeIDE/plugins/com.st.stm32cube.ide.mcu.externaltools.gnu-tools-for-stm32.13.3.rel1.win32_1.0.0.202411081344/tools/bin/../lib/gcc/arm-none-eabi/13.3.1/../../../../arm-none-eabi/lib/thumb/v7e-m+fp/hard\libc_nano.a(libc_a-nano-vfprintf.o)
 .text.__sfputs_r
                0x08006070       0x24 D:/STM_IDE/STM32CubeIDE_1.17.0/STM32CubeIDE/plugins/com.st.stm32cube.ide.mcu.externaltools.gnu-tools-for-stm32.13.3.rel1.win32_1.0.0.202411081344/tools/bin/../lib/gcc/arm-none-eabi/13.3.1/../../../../arm-none-eabi/lib/thumb/v7e-m+fp/hard\libc_nano.a(libc_a-nano-vfprintf.o)
                0x08006070                __sfputs_r
 .text._vfprintf_r
                0x08006094      0x230 D:/STM_IDE/STM32CubeIDE_1.17.0/STM32CubeIDE/plugins/com.st.stm32cube.ide.mcu.externaltools.gnu-tools-for-stm32.13.3.rel1.win32_1.0.0.202411081344/tools/bin/../lib/gcc/arm-none-eabi/13.3.1/../../../../arm-none-eabi/lib/thumb/v7e-m+fp/hard\libc_nano.a(libc_a-nano-vfprintf.o)
                0x08006094                _vfprintf_r
                0x08006094                _vfiprintf_r
 .text.__swbuf_r
                0x080062c4       0x7c D:/STM_IDE/STM32CubeIDE_1.17.0/STM32CubeIDE/plugins/com.st.stm32cube.ide.mcu.externaltools.gnu-tools-for-stm32.13.3.rel1.win32_1.0.0.202411081344/tools/bin/../lib/gcc/arm-none-eabi/13.3.1/../../../../arm-none-eabi/lib/thumb/v7e-m+fp/hard\libc_nano.a(libc_a-wbuf.o)
                0x080062c4                __swbuf_r
 .text.__swsetup_r
                0x08006340       0xac D:/STM_IDE/STM32CubeIDE_1.17.0/STM32CubeIDE/plugins/com.st.stm32cube.ide.mcu.externaltools.gnu-tools-for-stm32.13.3.rel1.win32_1.0.0.202411081344/tools/bin/../lib/gcc/arm-none-eabi/13.3.1/../../../../arm-none-eabi/lib/thumb/v7e-m+fp/hard\libc_nano.a(libc_a-wsetup.o)
                0x08006340                __swsetup_r
 .text._raise_r
                0x080063ec       0x50 D:/STM_IDE/STM32CubeIDE_1.17.0/STM32CubeIDE/plugins/com.st.stm32cube.ide.mcu.externaltools.gnu-tools-for-stm32.13.3.rel1.win32_1.0.0.202411081344/tools/bin/../lib/gcc/arm-none-eabi/13.3.1/../../../../arm-none-eabi/lib/thumb/v7e-m+fp/hard\libc_nano.a(libc_a-signal.o)
                0x080063ec                _raise_r
 .text.raise    0x0800643c       0x10 D:/STM_IDE/STM32CubeIDE_1.17.0/STM32CubeIDE/plugins/com.st.stm32cube.ide.mcu.externaltools.gnu-tools-for-stm32.13.3.rel1.win32_1.0.0.202411081344/tools/bin/../lib/gcc/arm-none-eabi/13.3.1/../../../../arm-none-eabi/lib/thumb/v7e-m+fp/hard\libc_nano.a(libc_a-signal.o)
                0x0800643c                raise
 .text._kill_r  0x0800644c       0x24 D:/STM_IDE/STM32CubeIDE_1.17.0/STM32CubeIDE/plugins/com.st.stm32cube.ide.mcu.externaltools.gnu-tools-for-stm32.13.3.rel1.win32_1.0.0.202411081344/tools/bin/../lib/gcc/arm-none-eabi/13.3.1/../../../../arm-none-eabi/lib/thumb/v7e-m+fp/hard\libc_nano.a(libc_a-signalr.o)
                0x0800644c                _kill_r
 .text._getpid_r
                0x08006470        0x4 D:/STM_IDE/STM32CubeIDE_1.17.0/STM32CubeIDE/plugins/com.st.stm32cube.ide.mcu.externaltools.gnu-tools-for-stm32.13.3.rel1.win32_1.0.0.202411081344/tools/bin/../lib/gcc/arm-none-eabi/13.3.1/../../../../arm-none-eabi/lib/thumb/v7e-m+fp/hard\libc_nano.a(libc_a-signalr.o)
                0x08006470                _getpid_r
 .text.__swhatbuf_r
                0x08006474       0x4c D:/STM_IDE/STM32CubeIDE_1.17.0/STM32CubeIDE/plugins/com.st.stm32cube.ide.mcu.externaltools.gnu-tools-for-stm32.13.3.rel1.win32_1.0.0.202411081344/tools/bin/../lib/gcc/arm-none-eabi/13.3.1/../../../../arm-none-eabi/lib/thumb/v7e-m+fp/hard\libc_nano.a(libc_a-makebuf.o)
                0x08006474                __swhatbuf_r
 .text.__smakebuf_r
                0x080064c0       0x78 D:/STM_IDE/STM32CubeIDE_1.17.0/STM32CubeIDE/plugins/com.st.stm32cube.ide.mcu.externaltools.gnu-tools-for-stm32.13.3.rel1.win32_1.0.0.202411081344/tools/bin/../lib/gcc/arm-none-eabi/13.3.1/../../../../arm-none-eabi/lib/thumb/v7e-m+fp/hard\libc_nano.a(libc_a-makebuf.o)
                0x080064c0                __smakebuf_r
 .text._fstat_r
                0x08006538       0x24 D:/STM_IDE/STM32CubeIDE_1.17.0/STM32CubeIDE/plugins/com.st.stm32cube.ide.mcu.externaltools.gnu-tools-for-stm32.13.3.rel1.win32_1.0.0.202411081344/tools/bin/../lib/gcc/arm-none-eabi/13.3.1/../../../../arm-none-eabi/lib/thumb/v7e-m+fp/hard\libc_nano.a(libc_a-fstatr.o)
                0x08006538                _fstat_r
 .text._isatty_r
                0x0800655c       0x20 D:/STM_IDE/STM32CubeIDE_1.17.0/STM32CubeIDE/plugins/com.st.stm32cube.ide.mcu.externaltools.gnu-tools-for-stm32.13.3.rel1.win32_1.0.0.202411081344/tools/bin/../lib/gcc/arm-none-eabi/13.3.1/../../../../arm-none-eabi/lib/thumb/v7e-m+fp/hard\libc_nano.a(libc_a-isattyr.o)
                0x0800655c                _isatty_r
 *(.glue_7)
 .glue_7        0x0800657c        0x0 linker stubs
 *(.glue_7t)
 .glue_7t       0x0800657c        0x0 linker stubs
 *(.eh_frame)
 .eh_frame      0x0800657c        0x0 D:/STM_IDE/STM32CubeIDE_1.17.0/STM32CubeIDE/plugins/com.st.stm32cube.ide.mcu.externaltools.gnu-tools-for-stm32.13.3.rel1.win32_1.0.0.202411081344/tools/bin/../lib/gcc/arm-none-eabi/13.3.1/thumb/v7e-m+fp/hard/crtbegin.o
 *(.init)
 .init          0x0800657c        0x4 D:/STM_IDE/STM32CubeIDE_1.17.0/STM32CubeIDE/plugins/com.st.stm32cube.ide.mcu.externaltools.gnu-tools-for-stm32.13.3.rel1.win32_1.0.0.202411081344/tools/bin/../lib/gcc/arm-none-eabi/13.3.1/thumb/v7e-m+fp/hard/crti.o
                0x0800657c                _init
 .init          0x08006580        0x8 D:/STM_IDE/STM32CubeIDE_1.17.0/STM32CubeIDE/plugins/com.st.stm32cube.ide.mcu.externaltools.gnu-tools-for-stm32.13.3.rel1.win32_1.0.0.202411081344/tools/bin/../lib/gcc/arm-none-eabi/13.3.1/thumb/v7e-m+fp/hard/crtn.o
 *(.fini)
 .fini          0x08006588        0x4 D:/STM_IDE/STM32CubeIDE_1.17.0/STM32CubeIDE/plugins/com.st.stm32cube.ide.mcu.externaltools.gnu-tools-for-stm32.13.3.rel1.win32_1.0.0.202411081344/tools/bin/../lib/gcc/arm-none-eabi/13.3.1/thumb/v7e-m+fp/hard/crti.o
                0x08006588                _fini
 .fini          0x0800658c        0x8 D:/STM_IDE/STM32CubeIDE_1.17.0/STM32CubeIDE/plugins/com.st.stm32cube.ide.mcu.externaltools.gnu-tools-for-stm32.13.3.rel1.win32_1.0.0.202411081344/tools/bin/../lib/gcc/arm-none-eabi/13.3.1/thumb/v7e-m+fp/hard/crtn.o
                0x08006594                        . = ALIGN (0x4)
                0x08006594                        _etext = .

.vfp11_veneer   0x08006594        0x0
 .vfp11_veneer  0x08006594        0x0 linker stubs

.v4_bx          0x08006594        0x0
 .v4_bx         0x08006594        0x0 linker stubs

.iplt           0x08006594        0x0
 .iplt          0x08006594        0x0 D:/STM_IDE/STM32CubeIDE_1.17.0/STM32CubeIDE/plugins/com.st.stm32cube.ide.mcu.externaltools.gnu-tools-for-stm32.13.3.rel1.win32_1.0.0.202411081344/tools/bin/../lib/gcc/arm-none-eabi/13.3.1/thumb/v7e-m+fp/hard/crtbegin.o

.rodata         0x08006598      0x384
                0x08006598                        . = ALIGN (0x4)
 *(.rodata)
 *(.rodata*)
 .rodata.AHBPrescTable
                0x08006598       0x10 ./Core/Src/system_stm32g4xx.o
                0x08006598                AHBPrescTable
 .rodata._printf_float.str1.1
                0x080065a8      0x171 D:/STM_IDE/STM32CubeIDE_1.17.0/STM32CubeIDE/plugins/com.st.stm32cube.ide.mcu.externaltools.gnu-tools-for-stm32.13.3.rel1.win32_1.0.0.202411081344/tools/bin/../lib/gcc/arm-none-eabi/13.3.1/../../../../arm-none-eabi/lib/thumb/v7e-m+fp/hard\libc_nano.a(libc_a-nano-vfprintf_float.o)
                                 0x12 (size before relaxing)
 .rodata._printf_i.str1.1
                0x08006719       0x22 D:/STM_IDE/STM32CubeIDE_1.17.0/STM32CubeIDE/plugins/com.st.stm32cube.ide.mcu.externaltools.gnu-tools-for-stm32.13.3.rel1.win32_1.0.0.202411081344/tools/bin/../lib/gcc/arm-none-eabi/13.3.1/../../../../arm-none-eabi/lib/thumb/v7e-m+fp/hard\libc_nano.a(libc_a-nano-vfprintf_i.o)
 .rodata._dtoa_r.str1.1
                0x08006719       0x8f D:/STM_IDE/STM32CubeIDE_1.17.0/STM32CubeIDE/plugins/com.st.stm32cube.ide.mcu.externaltools.gnu-tools-for-stm32.13.3.rel1.win32_1.0.0.202411081344/tools/bin/../lib/gcc/arm-none-eabi/13.3.1/../../../../arm-none-eabi/lib/thumb/v7e-m+fp/hard\libc_nano.a(libc_a-dtoa.o)
 .rodata._Balloc.str1.1
                0x08006719       0x70 D:/STM_IDE/STM32CubeIDE_1.17.0/STM32CubeIDE/plugins/com.st.stm32cube.ide.mcu.externaltools.gnu-tools-for-stm32.13.3.rel1.win32_1.0.0.202411081344/tools/bin/../lib/gcc/arm-none-eabi/13.3.1/../../../../arm-none-eabi/lib/thumb/v7e-m+fp/hard\libc_nano.a(libc_a-mprec.o)
 .rodata.__multadd.str1.1
                0x08006719       0x11 D:/STM_IDE/STM32CubeIDE_1.17.0/STM32CubeIDE/plugins/com.st.stm32cube.ide.mcu.externaltools.gnu-tools-for-stm32.13.3.rel1.win32_1.0.0.202411081344/tools/bin/../lib/gcc/arm-none-eabi/13.3.1/../../../../arm-none-eabi/lib/thumb/v7e-m+fp/hard\libc_nano.a(libc_a-mprec.o)
 *fill*         0x08006719        0x3 
 .rodata.p05.0  0x0800671c        0xc D:/STM_IDE/STM32CubeIDE_1.17.0/STM32CubeIDE/plugins/com.st.stm32cube.ide.mcu.externaltools.gnu-tools-for-stm32.13.3.rel1.win32_1.0.0.202411081344/tools/bin/../lib/gcc/arm-none-eabi/13.3.1/../../../../arm-none-eabi/lib/thumb/v7e-m+fp/hard\libc_nano.a(libc_a-mprec.o)
 .rodata.__mprec_bigtens
                0x08006728       0x28 D:/STM_IDE/STM32CubeIDE_1.17.0/STM32CubeIDE/plugins/com.st.stm32cube.ide.mcu.externaltools.gnu-tools-for-stm32.13.3.rel1.win32_1.0.0.202411081344/tools/bin/../lib/gcc/arm-none-eabi/13.3.1/../../../../arm-none-eabi/lib/thumb/v7e-m+fp/hard\libc_nano.a(libc_a-mprec.o)
                0x08006728                __mprec_bigtens
 .rodata.__mprec_tens
                0x08006750       0xc8 D:/STM_IDE/STM32CubeIDE_1.17.0/STM32CubeIDE/plugins/com.st.stm32cube.ide.mcu.externaltools.gnu-tools-for-stm32.13.3.rel1.win32_1.0.0.202411081344/tools/bin/../lib/gcc/arm-none-eabi/13.3.1/../../../../arm-none-eabi/lib/thumb/v7e-m+fp/hard\libc_nano.a(libc_a-mprec.o)
                0x08006750                __mprec_tens
 .rodata._setlocale_r.str1.1
                0x08006818        0x9 D:/STM_IDE/STM32CubeIDE_1.17.0/STM32CubeIDE/plugins/com.st.stm32cube.ide.mcu.externaltools.gnu-tools-for-stm32.13.3.rel1.win32_1.0.0.202411081344/tools/bin/../lib/gcc/arm-none-eabi/13.3.1/../../../../arm-none-eabi/lib/thumb/v7e-m+fp/hard\libc_nano.a(libc_a-locale.o)
 .rodata.str1.1
                0x08006818        0x2 D:/STM_IDE/STM32CubeIDE_1.17.0/STM32CubeIDE/plugins/com.st.stm32cube.ide.mcu.externaltools.gnu-tools-for-stm32.13.3.rel1.win32_1.0.0.202411081344/tools/bin/../lib/gcc/arm-none-eabi/13.3.1/../../../../arm-none-eabi/lib/thumb/v7e-m+fp/hard\libc_nano.a(libc_a-locale.o)
 .rodata.__assert_func.str1.1
                0x08006818       0x3d D:/STM_IDE/STM32CubeIDE_1.17.0/STM32CubeIDE/plugins/com.st.stm32cube.ide.mcu.externaltools.gnu-tools-for-stm32.13.3.rel1.win32_1.0.0.202411081344/tools/bin/../lib/gcc/arm-none-eabi/13.3.1/../../../../arm-none-eabi/lib/thumb/v7e-m+fp/hard\libc_nano.a(libc_a-assert.o)
 .rodata._ctype_
                0x08006818      0x101 D:/STM_IDE/STM32CubeIDE_1.17.0/STM32CubeIDE/plugins/com.st.stm32cube.ide.mcu.externaltools.gnu-tools-for-stm32.13.3.rel1.win32_1.0.0.202411081344/tools/bin/../lib/gcc/arm-none-eabi/13.3.1/../../../../arm-none-eabi/lib/thumb/v7e-m+fp/hard\libc_nano.a(libc_a-ctype_.o)
                0x08006818                _ctype_
 .rodata._vfprintf_r.str1.1
                0x08006919       0x11 D:/STM_IDE/STM32CubeIDE_1.17.0/STM32CubeIDE/plugins/com.st.stm32cube.ide.mcu.externaltools.gnu-tools-for-stm32.13.3.rel1.win32_1.0.0.202411081344/tools/bin/../lib/gcc/arm-none-eabi/13.3.1/../../../../arm-none-eabi/lib/thumb/v7e-m+fp/hard\libc_nano.a(libc_a-nano-vfprintf.o)
                0x0800692c                        . = ALIGN (0x4)
 *fill*         0x08006919        0x3 

.ARM.extab      0x0800691c        0x0
                0x0800691c                        . = ALIGN (0x4)
 *(.ARM.extab* .gnu.linkonce.armextab.*)
                0x0800691c                        . = ALIGN (0x4)

.ARM            0x0800691c        0x8
                0x0800691c                        . = ALIGN (0x4)
                0x0800691c                        __exidx_start = .
 *(.ARM.exidx*)
 .ARM.exidx     0x0800691c        0x8 D:/STM_IDE/STM32CubeIDE_1.17.0/STM32CubeIDE/plugins/com.st.stm32cube.ide.mcu.externaltools.gnu-tools-for-stm32.13.3.rel1.win32_1.0.0.202411081344/tools/bin/../lib/gcc/arm-none-eabi/13.3.1/../../../../arm-none-eabi/lib/thumb/v7e-m+fp/hard\libc_nano.a(libc_a-memchr.o)
 .ARM.exidx     0x08006924        0x0 D:/STM_IDE/STM32CubeIDE_1.17.0/STM32CubeIDE/plugins/com.st.stm32cube.ide.mcu.externaltools.gnu-tools-for-stm32.13.3.rel1.win32_1.0.0.202411081344/tools/bin/../lib/gcc/arm-none-eabi/13.3.1/../../../../arm-none-eabi/lib/thumb/v7e-m+fp/hard\libc_nano.a(libc_a-strlen.o)
                                  0x8 (size before relaxing)
 .ARM.exidx     0x08006924        0x0 D:/STM_IDE/STM32CubeIDE_1.17.0/STM32CubeIDE/plugins/com.st.stm32cube.ide.mcu.externaltools.gnu-tools-for-stm32.13.3.rel1.win32_1.0.0.202411081344/tools/bin/../lib/gcc/arm-none-eabi/13.3.1/thumb/v7e-m+fp/hard\libgcc.a(_udivmoddi4.o)
                                  0x8 (size before relaxing)
                0x08006924                        __exidx_end = .
                0x08006924                        . = ALIGN (0x4)

.preinit_array  0x08006924        0x0
                0x08006924                        . = ALIGN (0x4)
                0x08006924                        PROVIDE (__preinit_array_start = .)
 *(.preinit_array*)
                0x08006924                        PROVIDE (__preinit_array_end = .)
                0x08006924                        . = ALIGN (0x4)

.init_array     0x08006924        0x4
                0x08006924                        . = ALIGN (0x4)
                0x08006924                        PROVIDE (__init_array_start = .)
 *(SORT_BY_NAME(.init_array.*))
 *(.init_array*)
 .init_array    0x08006924        0x4 D:/STM_IDE/STM32CubeIDE_1.17.0/STM32CubeIDE/plugins/com.st.stm32cube.ide.mcu.externaltools.gnu-tools-for-stm32.13.3.rel1.win32_1.0.0.202411081344/tools/bin/../lib/gcc/arm-none-eabi/13.3.1/thumb/v7e-m+fp/hard/crtbegin.o
                0x08006928                        PROVIDE (__init_array_end = .)
                0x08006928                        . = ALIGN (0x4)

.fini_array     0x08006928        0x4
                0x08006928                        . = ALIGN (0x4)
                [!provide]                        PROVIDE (__fini_array_start = .)
 *(SORT_BY_NAME(.fini_array.*))
 *(.fini_array*)
 .fini_array    0x08006928        0x4 D:/STM_IDE/STM32CubeIDE_1.17.0/STM32CubeIDE/plugins/com.st.stm32cube.ide.mcu.externaltools.gnu-tools-for-stm32.13.3.rel1.win32_1.0.0.202411081344/tools/bin/../lib/gcc/arm-none-eabi/13.3.1/thumb/v7e-m+fp/hard/crtbegin.o
                [!provide]                        PROVIDE (__fini_array_end = .)
                0x0800692c                        . = ALIGN (0x4)
                0x0800692c                        _sidata = LOADADDR (.data)

.rel.dyn        0x0800692c        0x0
 .rel.iplt      0x0800692c        0x0 D:/STM_IDE/STM32CubeIDE_1.17.0/STM32CubeIDE/plugins/com.st.stm32cube.ide.mcu.externaltools.gnu-tools-for-stm32.13.3.rel1.win32_1.0.0.202411081344/tools/bin/../lib/gcc/arm-none-eabi/13.3.1/thumb/v7e-m+fp/hard/crtbegin.o

.data           0x20000000      0x330 load address 0x0800692c
                0x20000000                        . = ALIGN (0x4)
                0x20000000                        _sdata = .
 *(.data)
 *(.data*)
 .data.dalnomer
                0x20000000       0x2c ./Core/Src/main.o
                0x20000000                dalnomer
 .data.n_byte_dmarx
                0x2000002c        0x1 ./Core/Src/main.o
                0x2000002c                n_byte_dmarx
 *fill*         0x2000002d        0x3 
 .data.bmp280_sensor1
                0x20000030       0x4c ./Core/Src/main.o
 .data.iim_42652_status
                0x2000007c        0x1 ./Core/Src/main.o
                0x2000007c                iim_42652_status
 .data.n_16bit_packet_fifo
                0x2000007d        0x1 ./Core/Src/main.o
                0x2000007d                n_16bit_packet_fifo
 *fill*         0x2000007e        0x2 
 .data.imu_config_registr
                0x20000080       0x12 ./Core/Src/main.o
                0x20000080                imu_config_registr
 *fill*         0x20000092        0x2 
 .data.read_data_aceel_gyro_temp
                0x20000094       0x1c ./Core/Src/main.o
                0x20000094                read_data_aceel_gyro_temp
 .data.read_reg_status
                0x200000b0       0x2a ./Core/Src/main.o
                0x200000b0                read_reg_status
 *fill*         0x200000da        0x2 
 .data.imu_iim42652
                0x200000dc       0x38 ./Core/Src/main.o
                0x200000dc                imu_iim42652
 .data.lis3md_dma_packet
                0x20000114        0x1 ./Core/Src/main.o
                0x20000114                lis3md_dma_packet
 *fill*         0x20000115        0x3 
 .data.magnit_config_registr
                0x20000118        0x8 ./Core/Src/main.o
                0x20000118                magnit_config_registr
 .data.read_raw_data_magnit
                0x20000120       0x14 ./Core/Src/main.o
                0x20000120                read_raw_data_magnit
 .data.mag_lis3md
                0x20000134       0x2c ./Core/Src/main.o
                0x20000134                mag_lis3md
 .data.test     0x20000160        0x1 ./Core/Src/main.o
                0x20000160                test
 .data.command  0x20000161        0x1 ./Core/Src/main.o
                0x20000161                command
 *fill*         0x20000162        0x2 
 .data.SystemCoreClock
                0x20000164        0x4 ./Core/Src/system_stm32g4xx.o
                0x20000164                SystemCoreClock
 .data.__sglue  0x20000168        0xc D:/STM_IDE/STM32CubeIDE_1.17.0/STM32CubeIDE/plugins/com.st.stm32cube.ide.mcu.externaltools.gnu-tools-for-stm32.13.3.rel1.win32_1.0.0.202411081344/tools/bin/../lib/gcc/arm-none-eabi/13.3.1/../../../../arm-none-eabi/lib/thumb/v7e-m+fp/hard\libc_nano.a(libc_a-findfp.o)
                0x20000168                __sglue
 .data._impure_ptr
                0x20000174        0x4 D:/STM_IDE/STM32CubeIDE_1.17.0/STM32CubeIDE/plugins/com.st.stm32cube.ide.mcu.externaltools.gnu-tools-for-stm32.13.3.rel1.win32_1.0.0.202411081344/tools/bin/../lib/gcc/arm-none-eabi/13.3.1/../../../../arm-none-eabi/lib/thumb/v7e-m+fp/hard\libc_nano.a(libc_a-impure.o)
                0x20000174                _impure_ptr
 .data._impure_data
                0x20000178       0x4c D:/STM_IDE/STM32CubeIDE_1.17.0/STM32CubeIDE/plugins/com.st.stm32cube.ide.mcu.externaltools.gnu-tools-for-stm32.13.3.rel1.win32_1.0.0.202411081344/tools/bin/../lib/gcc/arm-none-eabi/13.3.1/../../../../arm-none-eabi/lib/thumb/v7e-m+fp/hard\libc_nano.a(libc_a-impure.o)
                0x20000178                _impure_data
 .data.__global_locale
                0x200001c4      0x16c D:/STM_IDE/STM32CubeIDE_1.17.0/STM32CubeIDE/plugins/com.st.stm32cube.ide.mcu.externaltools.gnu-tools-for-stm32.13.3.rel1.win32_1.0.0.202411081344/tools/bin/../lib/gcc/arm-none-eabi/13.3.1/../../../../arm-none-eabi/lib/thumb/v7e-m+fp/hard\libc_nano.a(libc_a-locale.o)
                0x200001c4                __global_locale
 *(.RamFunc)
 *(.RamFunc*)
                0x20000330                        . = ALIGN (0x4)
                0x20000330                        _edata = .

.igot.plt       0x20000330        0x0 load address 0x08006c5c
 .igot.plt      0x20000330        0x0 D:/STM_IDE/STM32CubeIDE_1.17.0/STM32CubeIDE/plugins/com.st.stm32cube.ide.mcu.externaltools.gnu-tools-for-stm32.13.3.rel1.win32_1.0.0.202411081344/tools/bin/../lib/gcc/arm-none-eabi/13.3.1/thumb/v7e-m+fp/hard/crtbegin.o
                0x20000330                        . = ALIGN (0x4)

.bss            0x20000330      0x874 load address 0x08006c5c
                0x20000330                        _sbss = .
                0x20000330                        __bss_start__ = _sbss
 *(.bss)
 .bss           0x20000330       0x1c D:/STM_IDE/STM32CubeIDE_1.17.0/STM32CubeIDE/plugins/com.st.stm32cube.ide.mcu.externaltools.gnu-tools-for-stm32.13.3.rel1.win32_1.0.0.202411081344/tools/bin/../lib/gcc/arm-none-eabi/13.3.1/thumb/v7e-m+fp/hard/crtbegin.o
 *(.bss*)
 .bss.systick_pause
                0x2000034c        0x2 ./Core/Src/main.o
                0x2000034c                systick_pause
 .bss.status_rxDMA
                0x2000034e        0x1 ./Core/Src/main.o
                0x2000034e                status_rxDMA
 .bss.status_txDMA
                0x2000034f        0x1 ./Core/Src/main.o
                0x2000034f                status_txDMA
 .bss.UART1_rxBuffer
                0x20000350      0x100 ./Core/Src/main.o
                0x20000350                UART1_rxBuffer
 .bss.UART1_txBuffer
                0x20000450       0x20 ./Core/Src/main.o
                0x20000450                UART1_txBuffer
 .bss.RS422_messageBuffer
                0x20000470       0x40 ./Core/Src/main.o
                0x20000470                RS422_messageBuffer
 .bss.messageLength
                0x200004b0        0x1 ./Core/Src/main.o
                0x200004b0                messageLength
 .bss.rangeFlags
                0x200004b1        0x1 ./Core/Src/main.o
                0x200004b1                rangeFlags
 *fill*         0x200004b2        0x2 
 .bss.rangeData
                0x200004b4        0xc ./Core/Src/main.o
                0x200004b4                rangeData
 .bss.data_calib
                0x200004c0       0x18 ./Core/Src/main.o
                0x200004c0                data_calib
 .bss.raw_temperature
                0x200004d8        0x4 ./Core/Src/main.o
                0x200004d8                raw_temperature
 .bss.raw_pressure
                0x200004dc        0x4 ./Core/Src/main.o
                0x200004dc                raw_pressure
 .bss.t_fine    0x200004e0        0x4 ./Core/Src/main.o
                0x200004e0                t_fine
 .bss.BMP280_dmarx_buffer
                0x200004e4        0x7 ./Core/Src/main.o
                0x200004e4                BMP280_dmarx_buffer
 .bss.bmp280_status
                0x200004eb        0x1 ./Core/Src/main.o
                0x200004eb                bmp280_status
 .bss.gyro_IIM42652
                0x200004ec        0xc ./Core/Src/main.o
                0x200004ec                gyro_IIM42652
 .bss.accel_IIM42652
                0x200004f8        0xc ./Core/Src/main.o
                0x200004f8                accel_IIM42652
 .bss.temp_IIM42652
                0x20000504        0x4 ./Core/Src/main.o
                0x20000504                temp_IIM42652
 .bss.raw_fifo_buffer
                0x20000508       0x28 ./Core/Src/main.o
                0x20000508                raw_fifo_buffer
 .bss.DMA_RX_buf_iim42652
                0x20000530       0x50 ./Core/Src/main.o
                0x20000530                DMA_RX_buf_iim42652
 .bss.DMA_TX_buf_iim42652
                0x20000580       0x50 ./Core/Src/main.o
                0x20000580                DMA_TX_buf_iim42652
 .bss.mag_data_lis3md
                0x200005d0        0xc ./Core/Src/main.o
                0x200005d0                mag_data_lis3md
 .bss.lis3mdl_buffer
                0x200005dc       0x28 ./Core/Src/main.o
                0x200005dc                lis3mdl_buffer
 .bss.lis3md_status
                0x20000604        0x1 ./Core/Src/main.o
                0x20000604                lis3md_status
 *fill*         0x20000605        0x3 
 .bss.lis3mdl_bufferRX
                0x20000608        0xa ./Core/Src/main.o
                0x20000608                lis3mdl_bufferRX
 *fill*         0x20000612        0x2 
 .bss.lis3mdl_bufferTX
                0x20000614        0xa ./Core/Src/main.o
                0x20000614                lis3mdl_bufferTX
 .bss.trigger   0x2000061e        0x1 ./Core/Src/main.o
                0x2000061e                trigger
 .bss.data      0x2000061f        0x1 ./Core/Src/main.o
                0x2000061f                data
 .bss.sendACC   0x20000620        0x1 ./Core/Src/main.o
                0x20000620                sendACC
 .bss.sendMAG   0x20000621        0x1 ./Core/Src/main.o
                0x20000621                sendMAG
 .bss.sendPs    0x20000622        0x1 ./Core/Src/main.o
                0x20000622                sendPs
 .bss.test_ps   0x20000623        0x1 ./Core/Src/main.o
                0x20000623                test_ps
 .bss.test_rf   0x20000624        0x1 ./Core/Src/main.o
                0x20000624                test_rf
 .bss.stateRF   0x20000625        0x1 ./Core/Src/main.o
                0x20000625                stateRF
 *fill*         0x20000626        0x2 
 .bss.spi2_rx_data
                0x20000628       0x1e ./Core/Src/main.o
                0x20000628                spi2_rx_data
 *fill*         0x20000646        0x2 
 .bss.fdata     0x20000648        0x4 ./Core/Src/main.o
                0x20000648                fdata
 .bss.__sbrk_heap_end
                0x2000064c        0x4 ./Core/Src/sysmem.o
 .bss.SSD1306_Buffer
                0x20000650      0x400 ./Drivers/OLED/ssd1306.o
 .bss.SSD1306   0x20000a50        0x6 ./Drivers/OLED/ssd1306.o
 *fill*         0x20000a56        0x2 
 .bss.__sf      0x20000a58      0x138 D:/STM_IDE/STM32CubeIDE_1.17.0/STM32CubeIDE/plugins/com.st.stm32cube.ide.mcu.externaltools.gnu-tools-for-stm32.13.3.rel1.win32_1.0.0.202411081344/tools/bin/../lib/gcc/arm-none-eabi/13.3.1/../../../../arm-none-eabi/lib/thumb/v7e-m+fp/hard\libc_nano.a(libc_a-findfp.o)
                0x20000a58                __sf
 .bss.__stdio_exit_handler
                0x20000b90        0x4 D:/STM_IDE/STM32CubeIDE_1.17.0/STM32CubeIDE/plugins/com.st.stm32cube.ide.mcu.externaltools.gnu-tools-for-stm32.13.3.rel1.win32_1.0.0.202411081344/tools/bin/../lib/gcc/arm-none-eabi/13.3.1/../../../../arm-none-eabi/lib/thumb/v7e-m+fp/hard\libc_nano.a(libc_a-findfp.o)
                0x20000b90                __stdio_exit_handler
 .bss.errno     0x20000b94        0x4 D:/STM_IDE/STM32CubeIDE_1.17.0/STM32CubeIDE/plugins/com.st.stm32cube.ide.mcu.externaltools.gnu-tools-for-stm32.13.3.rel1.win32_1.0.0.202411081344/tools/bin/../lib/gcc/arm-none-eabi/13.3.1/../../../../arm-none-eabi/lib/thumb/v7e-m+fp/hard\libc_nano.a(libc_a-reent.o)
                0x20000b94                errno
 .bss.__lock___malloc_recursive_mutex
                0x20000b98        0x1 D:/STM_IDE/STM32CubeIDE_1.17.0/STM32CubeIDE/plugins/com.st.stm32cube.ide.mcu.externaltools.gnu-tools-for-stm32.13.3.rel1.win32_1.0.0.202411081344/tools/bin/../lib/gcc/arm-none-eabi/13.3.1/../../../../arm-none-eabi/lib/thumb/v7e-m+fp/hard\libc_nano.a(libc_a-lock.o)
                0x20000b98                __lock___malloc_recursive_mutex
 .bss.__lock___sfp_recursive_mutex
                0x20000b99        0x1 D:/STM_IDE/STM32CubeIDE_1.17.0/STM32CubeIDE/plugins/com.st.stm32cube.ide.mcu.externaltools.gnu-tools-for-stm32.13.3.rel1.win32_1.0.0.202411081344/tools/bin/../lib/gcc/arm-none-eabi/13.3.1/../../../../arm-none-eabi/lib/thumb/v7e-m+fp/hard\libc_nano.a(libc_a-lock.o)
                0x20000b99                __lock___sfp_recursive_mutex
 *fill*         0x20000b9a        0x2 
 .bss.__malloc_sbrk_start
                0x20000b9c        0x4 D:/STM_IDE/STM32CubeIDE_1.17.0/STM32CubeIDE/plugins/com.st.stm32cube.ide.mcu.externaltools.gnu-tools-for-stm32.13.3.rel1.win32_1.0.0.202411081344/tools/bin/../lib/gcc/arm-none-eabi/13.3.1/../../../../arm-none-eabi/lib/thumb/v7e-m+fp/hard\libc_nano.a(libc_a-mallocr.o)
                0x20000b9c                __malloc_sbrk_start
 .bss.__malloc_free_list
                0x20000ba0        0x4 D:/STM_IDE/STM32CubeIDE_1.17.0/STM32CubeIDE/plugins/com.st.stm32cube.ide.mcu.externaltools.gnu-tools-for-stm32.13.3.rel1.win32_1.0.0.202411081344/tools/bin/../lib/gcc/arm-none-eabi/13.3.1/../../../../arm-none-eabi/lib/thumb/v7e-m+fp/hard\libc_nano.a(libc_a-mallocr.o)
                0x20000ba0                __malloc_free_list
 *(COMMON)
                0x20000ba4                        . = ALIGN (0x4)
                0x20000ba4                        _ebss = .
                0x20000ba4                        __bss_end__ = _ebss

._user_heap_stack
                0x20000ba4      0x804 load address 0x08006c5c
                0x20000ba8                        . = ALIGN (0x8)
 *fill*         0x20000ba4        0x4 
                [!provide]                        PROVIDE (end = .)
                0x20000ba8                        PROVIDE (_end = .)
                0x20000da8                        . = (. + _Min_Heap_Size)
 *fill*         0x20000ba8      0x200 
                0x200013a8                        . = (. + _Min_Stack_Size)
 *fill*         0x20000da8      0x600 
                0x200013a8                        . = ALIGN (0x8)

/DISCARD/
 libc.a(*)
 libm.a(*)
 libgcc.a(*)

.ARM.attributes
                0x00000000       0x30
 *(.ARM.attributes)
 .ARM.attributes
                0x00000000       0x22 D:/STM_IDE/STM32CubeIDE_1.17.0/STM32CubeIDE/plugins/com.st.stm32cube.ide.mcu.externaltools.gnu-tools-for-stm32.13.3.rel1.win32_1.0.0.202411081344/tools/bin/../lib/gcc/arm-none-eabi/13.3.1/thumb/v7e-m+fp/hard/crti.o
 .ARM.attributes
                0x00000022       0x34 D:/STM_IDE/STM32CubeIDE_1.17.0/STM32CubeIDE/plugins/com.st.stm32cube.ide.mcu.externaltools.gnu-tools-for-stm32.13.3.rel1.win32_1.0.0.202411081344/tools/bin/../lib/gcc/arm-none-eabi/13.3.1/thumb/v7e-m+fp/hard/crtbegin.o
 .ARM.attributes
                0x00000056       0x34 ./Core/Src/main.o
 .ARM.attributes
                0x0000008a       0x34 ./Core/Src/stm32g4xx_it.o
 .ARM.attributes
                0x000000be       0x34 ./Core/Src/syscalls.o
 .ARM.attributes
                0x000000f2       0x34 ./Core/Src/sysmem.o
 .ARM.attributes
                0x00000126       0x34 ./Core/Src/system_stm32g4xx.o
 .ARM.attributes
                0x0000015a       0x21 ./Core/Startup/startup_stm32g431cbtxz.o
 .ARM.attributes
                0x0000017b       0x34 ./Drivers/OLED/ssd1306.o
 .ARM.attributes
                0x000001af       0x34 ./Drivers/STM32G4xx_HAL_Driver/Src/stm32g4xx_hal_cortex.o
 .ARM.attributes
                0x000001e3       0x34 D:/STM_IDE/STM32CubeIDE_1.17.0/STM32CubeIDE/plugins/com.st.stm32cube.ide.mcu.externaltools.gnu-tools-for-stm32.13.3.rel1.win32_1.0.0.202411081344/tools/bin/../lib/gcc/arm-none-eabi/13.3.1/../../../../arm-none-eabi/lib/thumb/v7e-m+fp/hard\libc_nano.a(libc_a-nano-vfprintf_float.o)
 .ARM.attributes
                0x00000217       0x34 D:/STM_IDE/STM32CubeIDE_1.17.0/STM32CubeIDE/plugins/com.st.stm32cube.ide.mcu.externaltools.gnu-tools-for-stm32.13.3.rel1.win32_1.0.0.202411081344/tools/bin/../lib/gcc/arm-none-eabi/13.3.1/../../../../arm-none-eabi/lib/thumb/v7e-m+fp/hard\libc_nano.a(libc_a-nano-vfprintf_i.o)
 .ARM.attributes
                0x0000024b       0x34 D:/STM_IDE/STM32CubeIDE_1.17.0/STM32CubeIDE/plugins/com.st.stm32cube.ide.mcu.externaltools.gnu-tools-for-stm32.13.3.rel1.win32_1.0.0.202411081344/tools/bin/../lib/gcc/arm-none-eabi/13.3.1/../../../../arm-none-eabi/lib/thumb/v7e-m+fp/hard\libc_nano.a(libc_a-findfp.o)
 .ARM.attributes
                0x0000027f       0x34 D:/STM_IDE/STM32CubeIDE_1.17.0/STM32CubeIDE/plugins/com.st.stm32cube.ide.mcu.externaltools.gnu-tools-for-stm32.13.3.rel1.win32_1.0.0.202411081344/tools/bin/../lib/gcc/arm-none-eabi/13.3.1/../../../../arm-none-eabi/lib/thumb/v7e-m+fp/hard\libc_nano.a(libc_a-fwalk.o)
 .ARM.attributes
                0x000002b3       0x34 D:/STM_IDE/STM32CubeIDE_1.17.0/STM32CubeIDE/plugins/com.st.stm32cube.ide.mcu.externaltools.gnu-tools-for-stm32.13.3.rel1.win32_1.0.0.202411081344/tools/bin/../lib/gcc/arm-none-eabi/13.3.1/../../../../arm-none-eabi/lib/thumb/v7e-m+fp/hard\libc_nano.a(libc_a-stdio.o)
 .ARM.attributes
                0x000002e7       0x34 D:/STM_IDE/STM32CubeIDE_1.17.0/STM32CubeIDE/plugins/com.st.stm32cube.ide.mcu.externaltools.gnu-tools-for-stm32.13.3.rel1.win32_1.0.0.202411081344/tools/bin/../lib/gcc/arm-none-eabi/13.3.1/../../../../arm-none-eabi/lib/thumb/v7e-m+fp/hard\libc_nano.a(libc_a-memset.o)
 .ARM.attributes
                0x0000031b       0x34 D:/STM_IDE/STM32CubeIDE_1.17.0/STM32CubeIDE/plugins/com.st.stm32cube.ide.mcu.externaltools.gnu-tools-for-stm32.13.3.rel1.win32_1.0.0.202411081344/tools/bin/../lib/gcc/arm-none-eabi/13.3.1/../../../../arm-none-eabi/lib/thumb/v7e-m+fp/hard\libc_nano.a(libc_a-localeconv.o)
 .ARM.attributes
                0x0000034f       0x34 D:/STM_IDE/STM32CubeIDE_1.17.0/STM32CubeIDE/plugins/com.st.stm32cube.ide.mcu.externaltools.gnu-tools-for-stm32.13.3.rel1.win32_1.0.0.202411081344/tools/bin/../lib/gcc/arm-none-eabi/13.3.1/../../../../arm-none-eabi/lib/thumb/v7e-m+fp/hard\libc_nano.a(libc_a-closer.o)
 .ARM.attributes
                0x00000383       0x34 D:/STM_IDE/STM32CubeIDE_1.17.0/STM32CubeIDE/plugins/com.st.stm32cube.ide.mcu.externaltools.gnu-tools-for-stm32.13.3.rel1.win32_1.0.0.202411081344/tools/bin/../lib/gcc/arm-none-eabi/13.3.1/../../../../arm-none-eabi/lib/thumb/v7e-m+fp/hard\libc_nano.a(libc_a-reent.o)
 .ARM.attributes
                0x000003b7       0x34 D:/STM_IDE/STM32CubeIDE_1.17.0/STM32CubeIDE/plugins/com.st.stm32cube.ide.mcu.externaltools.gnu-tools-for-stm32.13.3.rel1.win32_1.0.0.202411081344/tools/bin/../lib/gcc/arm-none-eabi/13.3.1/../../../../arm-none-eabi/lib/thumb/v7e-m+fp/hard\libc_nano.a(libc_a-impure.o)
 .ARM.attributes
                0x000003eb       0x34 D:/STM_IDE/STM32CubeIDE_1.17.0/STM32CubeIDE/plugins/com.st.stm32cube.ide.mcu.externaltools.gnu-tools-for-stm32.13.3.rel1.win32_1.0.0.202411081344/tools/bin/../lib/gcc/arm-none-eabi/13.3.1/../../../../arm-none-eabi/lib/thumb/v7e-m+fp/hard\libc_nano.a(libc_a-lseekr.o)
 .ARM.attributes
                0x0000041f       0x34 D:/STM_IDE/STM32CubeIDE_1.17.0/STM32CubeIDE/plugins/com.st.stm32cube.ide.mcu.externaltools.gnu-tools-for-stm32.13.3.rel1.win32_1.0.0.202411081344/tools/bin/../lib/gcc/arm-none-eabi/13.3.1/../../../../arm-none-eabi/lib/thumb/v7e-m+fp/hard\libc_nano.a(libc_a-readr.o)
 .ARM.attributes
                0x00000453       0x34 D:/STM_IDE/STM32CubeIDE_1.17.0/STM32CubeIDE/plugins/com.st.stm32cube.ide.mcu.externaltools.gnu-tools-for-stm32.13.3.rel1.win32_1.0.0.202411081344/tools/bin/../lib/gcc/arm-none-eabi/13.3.1/../../../../arm-none-eabi/lib/thumb/v7e-m+fp/hard\libc_nano.a(libc_a-writer.o)
 .ARM.attributes
                0x00000487       0x34 D:/STM_IDE/STM32CubeIDE_1.17.0/STM32CubeIDE/plugins/com.st.stm32cube.ide.mcu.externaltools.gnu-tools-for-stm32.13.3.rel1.win32_1.0.0.202411081344/tools/bin/../lib/gcc/arm-none-eabi/13.3.1/../../../../arm-none-eabi/lib/thumb/v7e-m+fp/hard\libc_nano.a(libc_a-errno.o)
 .ARM.attributes
                0x000004bb       0x34 D:/STM_IDE/STM32CubeIDE_1.17.0/STM32CubeIDE/plugins/com.st.stm32cube.ide.mcu.externaltools.gnu-tools-for-stm32.13.3.rel1.win32_1.0.0.202411081344/tools/bin/../lib/gcc/arm-none-eabi/13.3.1/../../../../arm-none-eabi/lib/thumb/v7e-m+fp/hard\libc_nano.a(libc_a-init.o)
 .ARM.attributes
                0x000004ef       0x34 D:/STM_IDE/STM32CubeIDE_1.17.0/STM32CubeIDE/plugins/com.st.stm32cube.ide.mcu.externaltools.gnu-tools-for-stm32.13.3.rel1.win32_1.0.0.202411081344/tools/bin/../lib/gcc/arm-none-eabi/13.3.1/../../../../arm-none-eabi/lib/thumb/v7e-m+fp/hard\libc_nano.a(libc_a-lock.o)
 .ARM.attributes
                0x00000523       0x1c D:/STM_IDE/STM32CubeIDE_1.17.0/STM32CubeIDE/plugins/com.st.stm32cube.ide.mcu.externaltools.gnu-tools-for-stm32.13.3.rel1.win32_1.0.0.202411081344/tools/bin/../lib/gcc/arm-none-eabi/13.3.1/../../../../arm-none-eabi/lib/thumb/v7e-m+fp/hard\libc_nano.a(libc_a-memchr.o)
 .ARM.attributes
                0x0000053f       0x34 D:/STM_IDE/STM32CubeIDE_1.17.0/STM32CubeIDE/plugins/com.st.stm32cube.ide.mcu.externaltools.gnu-tools-for-stm32.13.3.rel1.win32_1.0.0.202411081344/tools/bin/../lib/gcc/arm-none-eabi/13.3.1/../../../../arm-none-eabi/lib/thumb/v7e-m+fp/hard\libc_nano.a(libc_a-memcpy-stub.o)
 .ARM.attributes
                0x00000573       0x17 D:/STM_IDE/STM32CubeIDE_1.17.0/STM32CubeIDE/plugins/com.st.stm32cube.ide.mcu.externaltools.gnu-tools-for-stm32.13.3.rel1.win32_1.0.0.202411081344/tools/bin/../lib/gcc/arm-none-eabi/13.3.1/../../../../arm-none-eabi/lib/thumb/v7e-m+fp/hard\libc_nano.a(libc_a-strlen.o)
 .ARM.attributes
                0x0000058a       0x34 D:/STM_IDE/STM32CubeIDE_1.17.0/STM32CubeIDE/plugins/com.st.stm32cube.ide.mcu.externaltools.gnu-tools-for-stm32.13.3.rel1.win32_1.0.0.202411081344/tools/bin/../lib/gcc/arm-none-eabi/13.3.1/../../../../arm-none-eabi/lib/thumb/v7e-m+fp/hard\libc_nano.a(libc_a-dtoa.o)
 .ARM.attributes
                0x000005be       0x34 D:/STM_IDE/STM32CubeIDE_1.17.0/STM32CubeIDE/plugins/com.st.stm32cube.ide.mcu.externaltools.gnu-tools-for-stm32.13.3.rel1.win32_1.0.0.202411081344/tools/bin/../lib/gcc/arm-none-eabi/13.3.1/../../../../arm-none-eabi/lib/thumb/v7e-m+fp/hard\libc_nano.a(libc_a-freer.o)
 .ARM.attributes
                0x000005f2       0x34 D:/STM_IDE/STM32CubeIDE_1.17.0/STM32CubeIDE/plugins/com.st.stm32cube.ide.mcu.externaltools.gnu-tools-for-stm32.13.3.rel1.win32_1.0.0.202411081344/tools/bin/../lib/gcc/arm-none-eabi/13.3.1/../../../../arm-none-eabi/lib/thumb/v7e-m+fp/hard\libc_nano.a(libc_a-malloc.o)
 .ARM.attributes
                0x00000626       0x34 D:/STM_IDE/STM32CubeIDE_1.17.0/STM32CubeIDE/plugins/com.st.stm32cube.ide.mcu.externaltools.gnu-tools-for-stm32.13.3.rel1.win32_1.0.0.202411081344/tools/bin/../lib/gcc/arm-none-eabi/13.3.1/../../../../arm-none-eabi/lib/thumb/v7e-m+fp/hard\libc_nano.a(libc_a-mallocr.o)
 .ARM.attributes
                0x0000065a       0x34 D:/STM_IDE/STM32CubeIDE_1.17.0/STM32CubeIDE/plugins/com.st.stm32cube.ide.mcu.externaltools.gnu-tools-for-stm32.13.3.rel1.win32_1.0.0.202411081344/tools/bin/../lib/gcc/arm-none-eabi/13.3.1/../../../../arm-none-eabi/lib/thumb/v7e-m+fp/hard\libc_nano.a(libc_a-mlock.o)
 .ARM.attributes
                0x0000068e       0x34 D:/STM_IDE/STM32CubeIDE_1.17.0/STM32CubeIDE/plugins/com.st.stm32cube.ide.mcu.externaltools.gnu-tools-for-stm32.13.3.rel1.win32_1.0.0.202411081344/tools/bin/../lib/gcc/arm-none-eabi/13.3.1/../../../../arm-none-eabi/lib/thumb/v7e-m+fp/hard\libc_nano.a(libc_a-mprec.o)
 .ARM.attributes
                0x000006c2       0x34 D:/STM_IDE/STM32CubeIDE_1.17.0/STM32CubeIDE/plugins/com.st.stm32cube.ide.mcu.externaltools.gnu-tools-for-stm32.13.3.rel1.win32_1.0.0.202411081344/tools/bin/../lib/gcc/arm-none-eabi/13.3.1/../../../../arm-none-eabi/lib/thumb/v7e-m+fp/hard\libc_nano.a(libc_a-fflush.o)
 .ARM.attributes
                0x000006f6       0x34 D:/STM_IDE/STM32CubeIDE_1.17.0/STM32CubeIDE/plugins/com.st.stm32cube.ide.mcu.externaltools.gnu-tools-for-stm32.13.3.rel1.win32_1.0.0.202411081344/tools/bin/../lib/gcc/arm-none-eabi/13.3.1/../../../../arm-none-eabi/lib/thumb/v7e-m+fp/hard\libc_nano.a(libc_a-locale.o)
 .ARM.attributes
                0x0000072a       0x34 D:/STM_IDE/STM32CubeIDE_1.17.0/STM32CubeIDE/plugins/com.st.stm32cube.ide.mcu.externaltools.gnu-tools-for-stm32.13.3.rel1.win32_1.0.0.202411081344/tools/bin/../lib/gcc/arm-none-eabi/13.3.1/../../../../arm-none-eabi/lib/thumb/v7e-m+fp/hard\libc_nano.a(libc_a-sbrkr.o)
 .ARM.attributes
                0x0000075e       0x34 D:/STM_IDE/STM32CubeIDE_1.17.0/STM32CubeIDE/plugins/com.st.stm32cube.ide.mcu.externaltools.gnu-tools-for-stm32.13.3.rel1.win32_1.0.0.202411081344/tools/bin/../lib/gcc/arm-none-eabi/13.3.1/../../../../arm-none-eabi/lib/thumb/v7e-m+fp/hard\libc_nano.a(libc_a-assert.o)
 .ARM.attributes
                0x00000792       0x34 D:/STM_IDE/STM32CubeIDE_1.17.0/STM32CubeIDE/plugins/com.st.stm32cube.ide.mcu.externaltools.gnu-tools-for-stm32.13.3.rel1.win32_1.0.0.202411081344/tools/bin/../lib/gcc/arm-none-eabi/13.3.1/../../../../arm-none-eabi/lib/thumb/v7e-m+fp/hard\libc_nano.a(libc_a-callocr.o)
 .ARM.attributes
                0x000007c6       0x34 D:/STM_IDE/STM32CubeIDE_1.17.0/STM32CubeIDE/plugins/com.st.stm32cube.ide.mcu.externaltools.gnu-tools-for-stm32.13.3.rel1.win32_1.0.0.202411081344/tools/bin/../lib/gcc/arm-none-eabi/13.3.1/../../../../arm-none-eabi/lib/thumb/v7e-m+fp/hard\libc_nano.a(libc_a-mbtowc_r.o)
 .ARM.attributes
                0x000007fa       0x34 D:/STM_IDE/STM32CubeIDE_1.17.0/STM32CubeIDE/plugins/com.st.stm32cube.ide.mcu.externaltools.gnu-tools-for-stm32.13.3.rel1.win32_1.0.0.202411081344/tools/bin/../lib/gcc/arm-none-eabi/13.3.1/../../../../arm-none-eabi/lib/thumb/v7e-m+fp/hard\libc_nano.a(libc_a-wctomb_r.o)
 .ARM.attributes
                0x0000082e       0x34 D:/STM_IDE/STM32CubeIDE_1.17.0/STM32CubeIDE/plugins/com.st.stm32cube.ide.mcu.externaltools.gnu-tools-for-stm32.13.3.rel1.win32_1.0.0.202411081344/tools/bin/../lib/gcc/arm-none-eabi/13.3.1/../../../../arm-none-eabi/lib/thumb/v7e-m+fp/hard\libc_nano.a(libc_a-ctype_.o)
 .ARM.attributes
                0x00000862       0x34 D:/STM_IDE/STM32CubeIDE_1.17.0/STM32CubeIDE/plugins/com.st.stm32cube.ide.mcu.externaltools.gnu-tools-for-stm32.13.3.rel1.win32_1.0.0.202411081344/tools/bin/../lib/gcc/arm-none-eabi/13.3.1/../../../../arm-none-eabi/lib/thumb/v7e-m+fp/hard\libc_nano.a(libc_a-fprintf.o)
 .ARM.attributes
                0x00000896       0x34 D:/STM_IDE/STM32CubeIDE_1.17.0/STM32CubeIDE/plugins/com.st.stm32cube.ide.mcu.externaltools.gnu-tools-for-stm32.13.3.rel1.win32_1.0.0.202411081344/tools/bin/../lib/gcc/arm-none-eabi/13.3.1/../../../../arm-none-eabi/lib/thumb/v7e-m+fp/hard\libc_nano.a(libc_a-abort.o)
 .ARM.attributes
                0x000008ca       0x34 D:/STM_IDE/STM32CubeIDE_1.17.0/STM32CubeIDE/plugins/com.st.stm32cube.ide.mcu.externaltools.gnu-tools-for-stm32.13.3.rel1.win32_1.0.0.202411081344/tools/bin/../lib/gcc/arm-none-eabi/13.3.1/../../../../arm-none-eabi/lib/thumb/v7e-m+fp/hard\libc_nano.a(libc_a-nano-vfprintf.o)
 .ARM.attributes
                0x000008fe       0x34 D:/STM_IDE/STM32CubeIDE_1.17.0/STM32CubeIDE/plugins/com.st.stm32cube.ide.mcu.externaltools.gnu-tools-for-stm32.13.3.rel1.win32_1.0.0.202411081344/tools/bin/../lib/gcc/arm-none-eabi/13.3.1/../../../../arm-none-eabi/lib/thumb/v7e-m+fp/hard\libc_nano.a(libc_a-wbuf.o)
 .ARM.attributes
                0x00000932       0x34 D:/STM_IDE/STM32CubeIDE_1.17.0/STM32CubeIDE/plugins/com.st.stm32cube.ide.mcu.externaltools.gnu-tools-for-stm32.13.3.rel1.win32_1.0.0.202411081344/tools/bin/../lib/gcc/arm-none-eabi/13.3.1/../../../../arm-none-eabi/lib/thumb/v7e-m+fp/hard\libc_nano.a(libc_a-wsetup.o)
 .ARM.attributes
                0x00000966       0x34 D:/STM_IDE/STM32CubeIDE_1.17.0/STM32CubeIDE/plugins/com.st.stm32cube.ide.mcu.externaltools.gnu-tools-for-stm32.13.3.rel1.win32_1.0.0.202411081344/tools/bin/../lib/gcc/arm-none-eabi/13.3.1/../../../../arm-none-eabi/lib/thumb/v7e-m+fp/hard\libc_nano.a(libc_a-signal.o)
 .ARM.attributes
                0x0000099a       0x34 D:/STM_IDE/STM32CubeIDE_1.17.0/STM32CubeIDE/plugins/com.st.stm32cube.ide.mcu.externaltools.gnu-tools-for-stm32.13.3.rel1.win32_1.0.0.202411081344/tools/bin/../lib/gcc/arm-none-eabi/13.3.1/../../../../arm-none-eabi/lib/thumb/v7e-m+fp/hard\libc_nano.a(libc_a-signalr.o)
 .ARM.attributes
                0x000009ce       0x34 D:/STM_IDE/STM32CubeIDE_1.17.0/STM32CubeIDE/plugins/com.st.stm32cube.ide.mcu.externaltools.gnu-tools-for-stm32.13.3.rel1.win32_1.0.0.202411081344/tools/bin/../lib/gcc/arm-none-eabi/13.3.1/../../../../arm-none-eabi/lib/thumb/v7e-m+fp/hard\libc_nano.a(libc_a-makebuf.o)
 .ARM.attributes
                0x00000a02       0x34 D:/STM_IDE/STM32CubeIDE_1.17.0/STM32CubeIDE/plugins/com.st.stm32cube.ide.mcu.externaltools.gnu-tools-for-stm32.13.3.rel1.win32_1.0.0.202411081344/tools/bin/../lib/gcc/arm-none-eabi/13.3.1/../../../../arm-none-eabi/lib/thumb/v7e-m+fp/hard\libc_nano.a(libc_a-fstatr.o)
 .ARM.attributes
                0x00000a36       0x34 D:/STM_IDE/STM32CubeIDE_1.17.0/STM32CubeIDE/plugins/com.st.stm32cube.ide.mcu.externaltools.gnu-tools-for-stm32.13.3.rel1.win32_1.0.0.202411081344/tools/bin/../lib/gcc/arm-none-eabi/13.3.1/../../../../arm-none-eabi/lib/thumb/v7e-m+fp/hard\libc_nano.a(libc_a-isattyr.o)
 .ARM.attributes
                0x00000a6a       0x22 D:/STM_IDE/STM32CubeIDE_1.17.0/STM32CubeIDE/plugins/com.st.stm32cube.ide.mcu.externaltools.gnu-tools-for-stm32.13.3.rel1.win32_1.0.0.202411081344/tools/bin/../lib/gcc/arm-none-eabi/13.3.1/thumb/v7e-m+fp/hard\libgcc.a(_arm_addsubdf3.o)
 .ARM.attributes
                0x00000a8c       0x22 D:/STM_IDE/STM32CubeIDE_1.17.0/STM32CubeIDE/plugins/com.st.stm32cube.ide.mcu.externaltools.gnu-tools-for-stm32.13.3.rel1.win32_1.0.0.202411081344/tools/bin/../lib/gcc/arm-none-eabi/13.3.1/thumb/v7e-m+fp/hard\libgcc.a(_arm_muldivdf3.o)
 .ARM.attributes
                0x00000aae       0x22 D:/STM_IDE/STM32CubeIDE_1.17.0/STM32CubeIDE/plugins/com.st.stm32cube.ide.mcu.externaltools.gnu-tools-for-stm32.13.3.rel1.win32_1.0.0.202411081344/tools/bin/../lib/gcc/arm-none-eabi/13.3.1/thumb/v7e-m+fp/hard\libgcc.a(_arm_cmpdf2.o)
 .ARM.attributes
                0x00000ad0       0x22 D:/STM_IDE/STM32CubeIDE_1.17.0/STM32CubeIDE/plugins/com.st.stm32cube.ide.mcu.externaltools.gnu-tools-for-stm32.13.3.rel1.win32_1.0.0.202411081344/tools/bin/../lib/gcc/arm-none-eabi/13.3.1/thumb/v7e-m+fp/hard\libgcc.a(_arm_unorddf2.o)
 .ARM.attributes
                0x00000af2       0x22 D:/STM_IDE/STM32CubeIDE_1.17.0/STM32CubeIDE/plugins/com.st.stm32cube.ide.mcu.externaltools.gnu-tools-for-stm32.13.3.rel1.win32_1.0.0.202411081344/tools/bin/../lib/gcc/arm-none-eabi/13.3.1/thumb/v7e-m+fp/hard\libgcc.a(_arm_fixdfsi.o)
 .ARM.attributes
                0x00000b14       0x22 D:/STM_IDE/STM32CubeIDE_1.17.0/STM32CubeIDE/plugins/com.st.stm32cube.ide.mcu.externaltools.gnu-tools-for-stm32.13.3.rel1.win32_1.0.0.202411081344/tools/bin/../lib/gcc/arm-none-eabi/13.3.1/thumb/v7e-m+fp/hard\libgcc.a(_arm_addsubsf3.o)
 .ARM.attributes
                0x00000b36       0x22 D:/STM_IDE/STM32CubeIDE_1.17.0/STM32CubeIDE/plugins/com.st.stm32cube.ide.mcu.externaltools.gnu-tools-for-stm32.13.3.rel1.win32_1.0.0.202411081344/tools/bin/../lib/gcc/arm-none-eabi/13.3.1/thumb/v7e-m+fp/hard\libgcc.a(_aeabi_ldivmod.o)
 .ARM.attributes