../Drivers/OLED/ssd1306.c:12:6:ssd1306_Reset	0	static
../Drivers/OLED/ssd1306.c:16:9:I2C2_Mem_Write	16	static
../Drivers/OLED/ssd1306.c:63:6:ssd1306_WriteCommand	16	static
../Drivers/OLED/ssd1306.c:68:6:ssd1306_WriteData	0	static
../Drivers/OLED/ssd1306.c:118:17:ssd1306_FillBuffer	8	static
../Drivers/OLED/ssd1306.c:233:6:ssd1306_Fill	0	static
../Drivers/OLED/ssd1306.c:238:6:ssd1306_UpdateScreen	16	static
../Drivers/OLED/ssd1306.c:259:6:ssd1306_DrawPixel	12	static
../Drivers/OLED/ssd1306.c:279:6:ssd1306_WriteChar	72	static
../Drivers/OLED/ssd1306.c:316:6:ssd1306_WriteString	40	static
../Drivers/OLED/ssd1306.c:330:6:ssd1306_SetCursor	0	static
../Drivers/OLED/ssd1306.c:336:6:ssd1306_Line	48	static
../Drivers/OLED/ssd1306.c:363:6:ssd1306_Polyline	32	static
../Drivers/OLED/ssd1306.c:398:6:ssd1306_DrawArc	72	static
../Drivers/OLED/ssd1306.c:438:6:ssd1306_DrawArcWithRadiusLine	80	static
../Drivers/OLED/ssd1306.c:481:6:ssd1306_DrawCircle	48	static
../Drivers/OLED/ssd1306.c:516:6:ssd1306_FillCircle	48	static
../Drivers/OLED/ssd1306.c:552:6:ssd1306_DrawRectangle	32	static
../Drivers/OLED/ssd1306.c:562:6:ssd1306_FillRectangle	24	static
../Drivers/OLED/ssd1306.c:576:17:ssd1306_InvertRectangle	28	static
../Drivers/OLED/ssd1306.c:607:6:ssd1306_DrawBitmap	48	static
../Drivers/OLED/ssd1306.c:631:6:ssd1306_SetContrast	8	static
../Drivers/OLED/ssd1306.c:637:6:ssd1306_SetDisplayOn	0	static
../Drivers/OLED/ssd1306.c:129:6:ssd1306_Init	16	static,ignoring_inline_asm
../Drivers/OLED/ssd1306.c:649:9:ssd1306_GetDisplayOn	0	static
