../Drivers/CMSIS/Include/core_cm4.h:1679:22:__NVIC_EnableIRQ	16	static,ignoring_inline_asm
../Core/Inc/INIT_STM32G431_GPIO.h:12:6:SystemClock_Config	8	static
../Core/Inc/INIT_STM32G431_GPIO.h:83:6:GPIO_INIT	4	static
../Core/Inc/INIT_STM32G431_GPIO.h:289:6:SysTick_Handler	4	static
../Core/Inc/INIT_STM32G431_GPIO.h:300:6:delay_ms	24	static
../Core/Inc/CANFD_STM32G431.h:228:6:CAN_Config	24	static
../Core/Inc/CANFD_STM32G431.h:304:9:SendCANframe	32	static
../Core/Inc/CANFD_STM32G431.h:335:9:CAN_SendMessage	104	static
../Core/Inc/CANFD_STM32G431.h:354:6:SetClassicCANBitTime	24	static
../Core/Inc/CANFD_STM32G431.h:362:6:SetDataCANBitTime	24	static
../Core/Inc/CANFD_STM32G431.h:385:10:FDCAN_SetBaudRate	88	static
../Core/Inc/CANFD_STM32G431.h:435:6:FDCAN_Config	16	static
../Core/Inc/CANFD_STM32G431.h:628:6:CAN_Config2	24	static
../Core/Inc/DMA.h:184:6:DMA1_InitSPI	24	static
../Core/Inc/DMA.h:297:6:DMA1_Channelxx1_IRQHandler	4	static
../Core/Inc/Interfaces\SPI.h:21:6:Init_SPI_STM32	4	static
../Core/Inc/Interfaces\SPI.h:238:9:SPI_data8	24	static
../Core/Inc/Interfaces\SPI.h:257:10:SPI_data16	24	static
../Core/Inc/Interfaces\SPI.h:278:9:SPI_sensor_reg_data	24	static
../Core/Inc/Interfaces\SPI.h:297:9:SPI_reg_data	16	static
../Core/Inc/Interfaces\SPI.h:304:9:SPI_sensor_reg_data_check	32	static
../Core/Inc/Interfaces\SPI.h:327:9:SPI_reg_data_check	24	static
../Core/Inc/Interfaces\SPI.h:334:9:SPI_sensor_regdata16_to_data8_check	32	static
../Core/Inc/Interfaces\SPI.h:359:9:SPI_array16to16_check	32	static
../Core/Inc/Interfaces\SPI.h:385:9:SPI_read_reg_to_array8_check	32	static
../Core/Inc/Interfaces\SPI.h:432:9:SPI_WR_reg16_check	32	static
../Core/Inc/Interfaces\SPI.h:456:6:SPI2_IRQHandler	4	static
../Core/Inc/Interfaces\UART1.h:100:6:RS422_UART_init	16	static
../Core/Inc/Interfaces\UART1.h:147:6:UART1_SendDMA	24	static
../Core/Inc/Interfaces\UART1.h:161:6:RS422_SendCommand	32	static
../Core/Inc/Interfaces\UART1.h:192:6:DMA2_Channel1_IRQHandler	4	static
../Core/Inc/Interfaces\UART1.h:213:6:DMA2_Channel2_IRQHandler	4	static
../Core/Inc/Interfaces\UART1.h:230:6:USART1_IRQHandler	16	static
../Core/Inc/Interfaces\UART1.h:314:6:RangeFinder_SingleMeas	16	static
../Core/Inc/Interfaces\UART1.h:321:9:RangeFinder_GetMessage	24	static
../Core/Inc/Interfaces\I2C.h:16:6:I2C2_Init	4	static
../Core/Inc/Interfaces\I2C.h:58:6:I2C2_Write	24	static
../Core/Inc/Interfaces\I2C.h:142:6:I2C2_WriteMulti	32	static
../Core/Inc/Interfaces\I2C.h:199:9:I2C2_WriteCheck	24	static
../Core/Inc/Interfaces\I2C.h:256:9:I2C2_ReadByte	24	static
../Core/Inc/Interfaces\I2C.h:308:9:I2C2_ReadBytes	24	static
../Core/Inc/Sensors\BMP280.h:94:10:BMP280_Read_Calibration_Data	16	static
../Core/Inc/Sensors\BMP280.h:102:6:BMP280_Read_Data	16	static
../Core/Inc/Sensors\BMP280.h:112:6:I2C2_EV_IRQHandler	4	static
../Core/Inc/Sensors\BMP280.h:130:6:I2C2_ER_IRQHandler	4	static
../Core/Inc/Sensors\BMP280.h:145:6:DMA1_Channel6_IRQHandler	4	static
../Core/Inc/Sensors\BMP280.h:159:9:init_bmp280	24	static
../Core/Inc/Sensors\BMP280.h:212:7:BMP280_Read_Raw_Data	24	static
../Core/Inc/Sensors\BMP280.h:223:7:BMP280_DMAbuf_to_raw_Data	16	static
../Core/Inc/Sensors\BMP280.h:237:7:BMP280_Compensate_Temperature	24	static
../Core/Inc/Sensors\BMP280.h:248:7:BMP280_Compensate_Pressure	328	static
../Core/Inc/Sensors\IIM_42652.h:1015:6:DMA_init_IIM42xxx	16	static
../Core/Inc/Sensors\IIM_42652.h:1060:9:RW_REG_IIM42xxx	24	static
../Core/Inc/Sensors\IIM_42652.h:1079:9:init_iim42652	24	static
../Core/Inc/Sensors\IIM_42652.h:1115:9:Data_fifo_pack20byte_IIM42xxx	24	static
../Core/Inc/Sensors\IIM_42652.h:1197:9:Data_fifo_pack16byte_IIM42xxx	24	static
../Core/Inc/LIS3MD.h:286:9:RW_REG_LIS3M	24	static
../Core/Inc/LIS3MD.h:302:6:DMA_init_LIS3M	16	static
../Core/Inc/LIS3MD.h:333:9:init_lis3md	24	static
../Core/Inc/LIS3MD.h:387:9:load_mag_lis3md	32	static
../Core/Inc/LIS3MD.h:407:9:load_mag_lis3mdtr	32	static
../Core/Src/main.c:60:5:main	32	static,ignoring_inline_asm
../Core/Src/main.c:292:6:FDCAN1_IT1_IRQHandler	32	static
../Core/Src/main.c:355:6:DMA1_Channel1_IRQHandler	4	static
../Core/Src/main.c:380:6:EXTI15_10_IRQHandler	4	static
../Core/Src/main.c:412:6:DMA1_Channel3_IRQHandler	4	static
../Core/Src/main.c:432:6:EXTI1_IRQHandler	4	static
../Core/Src/main.c:511:6:Error_Handler	4	static,ignoring_inline_asm
