../Drivers/CMSIS/Include/core_cm4.h:1679:22:__NVIC_EnableIRQ	2
../Core/Inc/INIT_STM32G431_GPIO.h:12:6:SystemClock_Config	4
../Core/Inc/INIT_STM32G431_GPIO.h:83:6:GPIO_INIT	1
../Core/Inc/INIT_STM32G431_GPIO.h:289:6:SysTick_Handler	2
../Core/Inc/INIT_STM32G431_GPIO.h:300:6:delay_ms	3
../Core/Inc/CANFD_STM32G431.h:228:6:CAN_Config	4
../Core/Inc/CANFD_STM32G431.h:304:9:SendCANframe	4
../Core/Inc/CANFD_STM32G431.h:335:9:CAN_SendMessage	5
../Core/Inc/CANFD_STM32G431.h:354:6:SetClassicCANBitTime	1
../Core/Inc/CANFD_STM32G431.h:362:6:SetDataCANBitTime	1
../Core/Inc/CANFD_STM32G431.h:385:10:FDCAN_SetBaudRate	8
../Core/Inc/CANFD_STM32G431.h:435:6:FDCAN_Config	3
../Core/Inc/CANFD_STM32G431.h:628:6:CAN_Config2	14
../Core/Inc/DMA.h:184:6:DMA1_InitSPI	1
../Core/Inc/DMA.h:297:6:DMA1_Channelxx1_IRQHandler	5
../Core/Src/..\Inc\Interfaces\SPI.h:21:6:Init_SPI_STM32	1
../Core/Src/..\Inc\Interfaces\SPI.h:238:9:SPI_data8	5
../Core/Src/..\Inc\Interfaces\SPI.h:257:10:SPI_data16	5
../Core/Src/..\Inc\Interfaces\SPI.h:278:9:SPI_sensor_reg_data	5
../Core/Src/..\Inc\Interfaces\SPI.h:297:9:SPI_reg_data	1
../Core/Src/..\Inc\Interfaces\SPI.h:304:9:SPI_sensor_reg_data_check	5
../Core/Src/..\Inc\Interfaces\SPI.h:327:9:SPI_reg_data_check	1
../Core/Src/..\Inc\Interfaces\SPI.h:334:9:SPI_sensor_regdata16_to_data8_check	6
../Core/Src/..\Inc\Interfaces\SPI.h:359:9:SPI_array16to16_check	6
../Core/Src/..\Inc\Interfaces\SPI.h:385:9:SPI_read_reg_to_array8_check	11
../Core/Src/..\Inc\Interfaces\SPI.h:432:9:SPI_WR_reg16_check	6
../Core/Src/..\Inc\Interfaces\SPI.h:456:6:SPI2_IRQHandler	1
../Core/Src/..\Inc\Interfaces\UART1.h:100:6:RS422_UART_init	1
../Core/Src/..\Inc\Interfaces\UART1.h:147:6:UART1_SendDMA	3
../Core/Src/..\Inc\Interfaces\UART1.h:161:6:RS422_SendCommand	5
../Core/Src/..\Inc\Interfaces\UART1.h:192:6:DMA2_Channel1_IRQHandler	2
../Core/Src/..\Inc\Interfaces\UART1.h:213:6:DMA2_Channel2_IRQHandler	3
../Core/Src/..\Inc\Interfaces\UART1.h:230:6:USART1_IRQHandler	7
../Core/Src/..\Inc\Interfaces\UART1.h:314:6:RangeFinder_SingleMeas	1
../Core/Src/..\Inc\Interfaces\UART1.h:321:9:RangeFinder_GetMessage	11
../Core/Src/..\Inc\Sensors\..\Interfaces\I2C.h:16:6:I2C2_Init	1
../Core/Src/..\Inc\Sensors\..\Interfaces\I2C.h:26:6:I2C2_Write	8
../Core/Src/..\Inc\Sensors\..\Interfaces\I2C.h:68:9:I2C2_WriteCheck	9
../Core/Src/..\Inc\Sensors\..\Interfaces\I2C.h:125:9:I2C2_ReadByte	10
../Core/Src/..\Inc\Sensors\..\Interfaces\I2C.h:177:9:I2C2_ReadBytes	13
../Core/Src/..\Inc\Sensors\BMP280.h:94:10:BMP280_Read_Calibration_Data	1
../Core/Src/..\Inc\Sensors\BMP280.h:102:6:BMP280_Read_Data	2
../Core/Src/..\Inc\Sensors\BMP280.h:112:6:I2C2_EV_IRQHandler	3
../Core/Src/..\Inc\Sensors\BMP280.h:130:6:I2C2_ER_IRQHandler	3
../Core/Src/..\Inc\Sensors\BMP280.h:145:6:DMA1_Channel6_IRQHandler	2
../Core/Src/..\Inc\Sensors\BMP280.h:159:9:init_bmp280	4
../Core/Src/..\Inc\Sensors\BMP280.h:212:7:BMP280_Read_Raw_Data	1
../Core/Src/..\Inc\Sensors\BMP280.h:223:7:BMP280_DMAbuf_to_raw_Data	1
../Core/Src/..\Inc\Sensors\BMP280.h:237:7:BMP280_Compensate_Temperature	1
../Core/Src/..\Inc\Sensors\BMP280.h:248:7:BMP280_Compensate_Pressure	2
../Core/Src/..\Inc\Sensors\IIM_42652.h:1015:6:DMA_init_IIM42xxx	1
../Core/Src/..\Inc\Sensors\IIM_42652.h:1060:9:RW_REG_IIM42xxx	4
../Core/Src/..\Inc\Sensors\IIM_42652.h:1079:9:init_iim42652	4
../Core/Src/..\Inc\Sensors\IIM_42652.h:1115:9:Data_fifo_pack20byte_IIM42xxx	5
../Core/Src/..\Inc\Sensors\IIM_42652.h:1197:9:Data_fifo_pack16byte_IIM42xxx	5
../Core/Inc/LIS3MD.h:286:9:RW_REG_LIS3M	4
../Core/Inc/LIS3MD.h:302:6:DMA_init_LIS3M	1
../Core/Inc/LIS3MD.h:333:9:init_lis3md	5
../Core/Inc/LIS3MD.h:387:9:load_mag_lis3md	4
../Core/Inc/LIS3MD.h:407:9:load_mag_lis3mdtr	3
../Core/Src/main.c:61:5:main	23
../Core/Src/main.c:251:6:I2C_SystemClock_Config	3
../Core/Src/main.c:287:6:FDCAN1_IT1_IRQHandler	6
../Core/Src/main.c:350:6:DMA1_Channel1_IRQHandler	2
../Core/Src/main.c:375:6:EXTI15_10_IRQHandler	4
../Core/Src/main.c:407:6:DMA1_Channel3_IRQHandler	2
../Core/Src/main.c:427:6:EXTI1_IRQHandler	2
../Core/Src/main.c:449:13:MX_GPIO_Init	1
../Core/Src/main.c:462:13:MX_I2C2_Init	4
../Core/Src/main.c:506:6:Error_Handler	1
